Component: ARM Compiler 5.06 update 6 (build 750) Tool: armlink [4d35ed]

==============================================================================

Section Cross References

    startup_stm32l432xx.o(STACK) refers (Special) to heapauxi.o(.text) for __use_two_region_memory
    startup_stm32l432xx.o(HEAP) refers (Special) to heapauxi.o(.text) for __use_two_region_memory
    startup_stm32l432xx.o(RESET) refers (Special) to heapauxi.o(.text) for __use_two_region_memory
    startup_stm32l432xx.o(RESET) refers to startup_stm32l432xx.o(STACK) for __initial_sp
    startup_stm32l432xx.o(RESET) refers to startup_stm32l432xx.o(.text) for Reset_Handler
    startup_stm32l432xx.o(RESET) refers to stm32l4xx_it.o(i.NMI_Handler) for NMI_Handler
    startup_stm32l432xx.o(RESET) refers to stm32l4xx_it.o(i.HardFault_Handler) for HardFault_Handler
    startup_stm32l432xx.o(RESET) refers to stm32l4xx_it.o(i.MemManage_Handler) for MemManage_Handler
    startup_stm32l432xx.o(RESET) refers to stm32l4xx_it.o(i.BusFault_Handler) for BusFault_Handler
    startup_stm32l432xx.o(RESET) refers to stm32l4xx_it.o(i.UsageFault_Handler) for UsageFault_Handler
    startup_stm32l432xx.o(RESET) refers to port.o(.emb_text) for SVC_Handler
    startup_stm32l432xx.o(RESET) refers to stm32l4xx_it.o(i.DebugMon_Handler) for DebugMon_Handler
    startup_stm32l432xx.o(RESET) refers to port.o(i.SysTick_Handler) for SysTick_Handler
    startup_stm32l432xx.o(RESET) refers to stm32l4xx_it.o(i.TIM1_UP_TIM16_IRQHandler) for TIM1_UP_TIM16_IRQHandler
    startup_stm32l432xx.o(RESET) refers to stm32l4xx_it.o(i.USART2_IRQHandler) for USART2_IRQHandler
    startup_stm32l432xx.o(.text) refers (Special) to heapauxi.o(.text) for __use_two_region_memory
    startup_stm32l432xx.o(.text) refers to system_stm32l4xx.o(i.SystemInit) for SystemInit
    startup_stm32l432xx.o(.text) refers to __main.o(!!!main) for __main
    startup_stm32l432xx.o(.text) refers to startup_stm32l432xx.o(HEAP) for Heap_Mem
    startup_stm32l432xx.o(.text) refers to startup_stm32l432xx.o(STACK) for Stack_Mem
    main.o(i.HAL_TIM_PeriodElapsedCallback) refers to stm32l4xx_hal.o(i.HAL_IncTick) for HAL_IncTick
    main.o(i.MX_GPIO_Init) refers to rt_memclr_w.o(.text) for __aeabi_memclr4
    main.o(i.MX_GPIO_Init) refers to stm32l4xx_hal_gpio.o(i.HAL_GPIO_WritePin) for HAL_GPIO_WritePin
    main.o(i.MX_GPIO_Init) refers to stm32l4xx_hal_gpio.o(i.HAL_GPIO_Init) for HAL_GPIO_Init
    main.o(i.MX_I2C1_Init) refers to stm32l4xx_hal_i2c.o(i.HAL_I2C_Init) for HAL_I2C_Init
    main.o(i.MX_I2C1_Init) refers to stm32l4xx_hal_i2c_ex.o(i.HAL_I2CEx_ConfigAnalogFilter) for HAL_I2CEx_ConfigAnalogFilter
    main.o(i.MX_I2C1_Init) refers to stm32l4xx_hal_i2c_ex.o(i.HAL_I2CEx_ConfigDigitalFilter) for HAL_I2CEx_ConfigDigitalFilter
    main.o(i.MX_I2C1_Init) refers to main.o(.bss) for .bss
    main.o(i.MX_USART2_UART_Init) refers to stm32l4xx_hal_uart.o(i.HAL_UART_Init) for HAL_UART_Init
    main.o(i.MX_USART2_UART_Init) refers to main.o(.bss) for .bss
    main.o(i.RTC_Init) refers to stm32l4xx_hal_i2c.o(i.HAL_I2C_IsDeviceReady) for HAL_I2C_IsDeviceReady
    main.o(i.RTC_Init) refers to stm32l4xx_hal_gpio.o(i.HAL_GPIO_TogglePin) for HAL_GPIO_TogglePin
    main.o(i.RTC_Init) refers to stm32l4xx_hal.o(i.HAL_Delay) for HAL_Delay
    main.o(i.RTC_Init) refers to main.o(.bss) for .bss
    main.o(i.RTC_ReadTemperature) refers to stm32l4xx_hal_i2c.o(i.HAL_I2C_Master_Transmit) for HAL_I2C_Master_Transmit
    main.o(i.RTC_ReadTemperature) refers to stm32l4xx_hal_i2c.o(i.HAL_I2C_Master_Receive) for HAL_I2C_Master_Receive
    main.o(i.RTC_ReadTemperature) refers to main.o(.data) for .data
    main.o(i.RTC_ReadTemperature) refers to main.o(.bss) for .bss
    main.o(i.RTC_ReadTime) refers to stm32l4xx_hal_i2c.o(i.HAL_I2C_Master_Transmit) for HAL_I2C_Master_Transmit
    main.o(i.RTC_ReadTime) refers to stm32l4xx_hal_i2c.o(i.HAL_I2C_Master_Receive) for HAL_I2C_Master_Receive
    main.o(i.RTC_ReadTime) refers to main.o(.data) for .data
    main.o(i.RTC_ReadTime) refers to main.o(.bss) for .bss
    main.o(i.RTC_SetTime) refers to stm32l4xx_hal_i2c.o(i.HAL_I2C_Master_Transmit) for HAL_I2C_Master_Transmit
    main.o(i.RTC_SetTime) refers to main.o(.bss) for .bss
    main.o(i.SystemClock_Config) refers to rt_memclr_w.o(.text) for __aeabi_memclr4
    main.o(i.SystemClock_Config) refers to stm32l4xx_hal_pwr_ex.o(i.HAL_PWREx_ControlVoltageScaling) for HAL_PWREx_ControlVoltageScaling
    main.o(i.SystemClock_Config) refers to stm32l4xx_hal_pwr.o(i.HAL_PWR_EnableBkUpAccess) for HAL_PWR_EnableBkUpAccess
    main.o(i.SystemClock_Config) refers to stm32l4xx_hal_rcc.o(i.HAL_RCC_OscConfig) for HAL_RCC_OscConfig
    main.o(i.SystemClock_Config) refers to stm32l4xx_hal_rcc.o(i.HAL_RCC_ClockConfig) for HAL_RCC_ClockConfig
    main.o(i.SystemClock_Config) refers to stm32l4xx_hal_rcc_ex.o(i.HAL_RCCEx_EnableMSIPLLMode) for HAL_RCCEx_EnableMSIPLLMode
    main.o(i.main) refers to stm32l4xx_hal.o(i.HAL_Init) for HAL_Init
[...]
    i.prvCopyDataToQueue                     0x08004302   Section        0  queue.o(i.prvCopyDataToQueue)
    prvCopyDataToQueue                       0x08004303   Thumb Code   108  queue.o(i.prvCopyDataToQueue)
    i.prvDeleteTCB                           0x0800436e   Section        0  tasks.o(i.prvDeleteTCB)
    prvDeleteTCB                             0x0800436f   Thumb Code    52  tasks.o(i.prvDeleteTCB)
    i.prvHeapInit                            0x080043a4   Section        0  heap_4.o(i.prvHeapInit)
    prvHeapInit                              0x080043a5   Thumb Code    64  heap_4.o(i.prvHeapInit)
    i.prvIdleTask                            0x080043ec   Section        0  tasks.o(i.prvIdleTask)
    prvIdleTask                              0x080043ed   Thumb Code    82  tasks.o(i.prvIdleTask)
    i.prvInitialiseMutex                     0x0800444c   Section        0  queue.o(i.prvInitialiseMutex)
    prvInitialiseMutex                       0x0800444d   Thumb Code    22  queue.o(i.prvInitialiseMutex)
    i.prvInitialiseNewQueue                  0x08004462   Section        0  queue.o(i.prvInitialiseNewQueue)
    prvInitialiseNewQueue                    0x08004463   Thumb Code    22  queue.o(i.prvInitialiseNewQueue)
    i.prvInitialiseNewTask                   0x08004478   Section        0  tasks.o(i.prvInitialiseNewTask)
    prvInitialiseNewTask                     0x08004479   Thumb Code   152  tasks.o(i.prvInitialiseNewTask)
    i.prvInsertBlockIntoFreeList             0x08004510   Section        0  heap_4.o(i.prvInsertBlockIntoFreeList)
    prvInsertBlockIntoFreeList               0x08004511   Thumb Code    72  heap_4.o(i.prvInsertBlockIntoFreeList)
    i.prvIsQueueEmpty                        0x0800455c   Section        0  queue.o(i.prvIsQueueEmpty)
    prvIsQueueEmpty                          0x0800455d   Thumb Code    28  queue.o(i.prvIsQueueEmpty)
    i.prvResetNextTaskUnblockTime            0x08004578   Section        0  tasks.o(i.prvResetNextTaskUnblockTime)
    prvResetNextTaskUnblockTime              0x08004579   Thumb Code    26  tasks.o(i.prvResetNextTaskUnblockTime)
    i.prvTaskExitError                       0x08004598   Section        0  port.o(i.prvTaskExitError)
    prvTaskExitError                         0x08004599   Thumb Code    36  port.o(i.prvTaskExitError)
    i.prvUnlockQueue                         0x080045c0   Section        0  queue.o(i.prvUnlockQueue)
    prvUnlockQueue                           0x080045c1   Thumb Code   106  queue.o(i.prvUnlockQueue)
    i.pvPortMalloc                           0x0800462c   Section        0  heap_4.o(i.pvPortMalloc)
    i.pvTaskIncrementMutexHeldCount          0x08004708   Section        0  tasks.o(i.pvTaskIncrementMutexHeldCount)
    i.pxPortInitialiseStack                  0x08004720   Section        0  port.o(i.pxPortInitialiseStack)
    i.start_TempDisplayTask                  0x0800474c   Section        0  main.o(i.start_TempDisplayTask)
    i.start_TimeDisplayTask                  0x080047b8   Section        0  main.o(i.start_TimeDisplayTask)
    i.uxListRemove                           0x0800482c   Section        0  list.o(i.uxListRemove)
    i.vApplicationGetIdleTaskMemory          0x08004854   Section        0  freertos.o(i.vApplicationGetIdleTaskMemory)
    i.vListInitialise                        0x08004868   Section        0  list.o(i.vListInitialise)
    i.vListInitialiseItem                    0x0800487e   Section        0  list.o(i.vListInitialiseItem)
    i.vListInsert                            0x08004884   Section        0  list.o(i.vListInsert)
    i.vListInsertEnd                         0x080048b4   Section        0  list.o(i.vListInsertEnd)
    i.vPortEnterCritical                     0x080048cc   Section        0  port.o(i.vPortEnterCritical)
    i.vPortExitCritical                      0x0800490c   Section        0  port.o(i.vPortExitCritical)
    i.vPortFree                              0x08004934   Section        0  heap_4.o(i.vPortFree)
    i.vPortSetupTimerInterrupt               0x08004998   Section        0  port.o(i.vPortSetupTimerInterrupt)
    i.vPortValidateInterruptPriority         0x080049bc   Section        0  port.o(i.vPortValidateInterruptPriority)
    i.vTaskDelay                             0x08004a10   Section        0  tasks.o(i.vTaskDelay)
    i.vTaskInternalSetTimeOutState           0x08004a5c   Section        0  tasks.o(i.vTaskInternalSetTimeOutState)
    i.vTaskMissedYield                       0x08004a6c   Section        0  tasks.o(i.vTaskMissedYield)
    i.vTaskPlaceOnEventList                  0x08004a78   Section        0  tasks.o(i.vTaskPlaceOnEventList)
    i.vTaskPriorityDisinheritAfterTimeout    0x08004aa8   Section        0  tasks.o(i.vTaskPriorityDisinheritAfterTimeout)
    i.vTaskStartScheduler                    0x08004b48   Section        0  tasks.o(i.vTaskStartScheduler)
    i.vTaskSuspendAll                        0x08004bb4   Section        0  tasks.o(i.vTaskSuspendAll)
    i.vTaskSwitchContext                     0x08004bc4   Section        0  tasks.o(i.vTaskSwitchContext)
    i.xPortStartScheduler                    0x08004c20   Section        0  port.o(i.xPortStartScheduler)
    i.xQueueCreateMutex                      0x08004d14   Section        0  queue.o(i.xQueueCreateMutex)
    i.xQueueCreateMutexStatic                0x08004d2a   Section        0  queue.o(i.xQueueCreateMutexStatic)
    i.xQueueGenericCreate                    0x08004d44   Section        0  queue.o(i.xQueueGenericCreate)
    i.xQueueGenericCreateStatic              0x08004d86   Section        0  queue.o(i.xQueueGenericCreateStatic)
    i.xQueueGenericReset                     0x08004dec   Section        0  queue.o(i.xQueueGenericReset)
    i.xQueueGenericSend                      0x08004e74   Section        0  queue.o(i.xQueueGenericSend)
    i.xQueueGiveFromISR                      0x08004fd4   Section        0  queue.o(i.xQueueGiveFromISR)
    i.xQueueReceiveFromISR                   0x08005070   Section        0  queue.o(i.xQueueReceiveFromISR)
    i.xQueueSemaphoreTake                    0x0800510c   Section        0  queue.o(i.xQueueSemaphoreTake)
    i.xTaskCheckForTimeOut                   0x08005284   Section        0  tasks.o(i.xTaskCheckForTimeOut)
    i.xTaskCreate                            0x080052f8   Section        0  tasks.o(i.xTaskCreate)
    i.xTaskCreateStatic                      0x08005358   Section        0  tasks.o(i.xTaskCreateStatic)
    i.xTaskGetSchedulerState                 0x080053b0   Section        0  tasks.o(i.xTaskGetSchedulerState)
    i.xTaskIncrementTick                     0x080053cc   Section        0  tasks.o(i.xTaskIncrementTick)
    i.xTaskPriorityDisinherit                0x08005498   Section        0  tasks.o(i.xTaskPriorityDisinherit)
    i.xTaskPriorityInherit                   0x08005530   Section        0  tasks.o(i.xTaskPriorityInherit)
    i.xTaskRemoveFromEventList               0x080055bc   Section        0  tasks.o(i.xTaskRemoveFromEventList)
    i.xTaskResumeAll                         0x08005630   Section        0  tasks.o(i.xTaskResumeAll)
    locale$$code                             0x080056f4   Section       44  lc_numeric_c.o(locale$$code)
    x$fpl$dretinf                            0x08005720   Section       12  dretinf.o(x$fpl$dretinf)
    $v0                                      0x08005720   Number         0  dretinf.o(x$fpl$dretinf)
    x$fpl$f2d                                0x0800572c   Section       86  f2d.o(x$fpl$f2d)
    $v0                                      0x0800572c   Number         0  f2d.o(x$fpl$f2d)
    x$fpl$fnaninf                            0x08005782   Section      140  fnaninf.o(x$fpl$fnaninf)
    $v0                                      0x08005782   Number         0  fnaninf.o(x$fpl$fnaninf)
    x$fpl$fpinit                             0x0800580e   Section       10  fpinit.o(x$fpl$fpinit)
    $v0                                      0x0800580e   Number         0  fpinit.o(x$fpl$fpinit)
    x$fpl$printf1                            0x08005818   Section        4  printf1.o(x$fpl$printf1)
    $v0                                      0x08005818   Number         0  printf1.o(x$fpl$printf1)
    .constdata                               0x0800581c   Section       56  main.o(.constdata)
    x$fpl$usenofp                            0x0800581c   Section        0  usenofp.o(x$fpl$usenofp)
    .constdata                               0x08005854   Section       64  system_stm32l4xx.o(.constdata)
    .constdata                               0x08005894   Section        8  system_stm32l4xx.o(.constdata)
    .constdata                               0x0800589c   Section       40  _printf_hex_int.o(.constdata)
    uc_hextab                                0x0800589c   Data          20  _printf_hex_int.o(.constdata)
    lc_hextab                                0x080058b0   Data          20  _printf_hex_int.o(.constdata)
    .constdata                               0x080058c4   Section       17  __printf_flags_wp.o(.constdata)
    maptable                                 0x080058c4   Data          17  __printf_flags_wp.o(.constdata)
    .constdata                               0x080058d8   Section      148  bigflt0.o(.constdata)
    tenpwrs_x                                0x080058d8   Data          60  bigflt0.o(.constdata)
    tenpwrs_i                                0x08005914   Data          64  bigflt0.o(.constdata)
    .conststring                             0x0800596c   Section       32  main.o(.conststring)
    locale$$data                             0x080059ac   Section       28  lc_numeric_c.o(locale$$data)
    __lcnum_c_name                           0x080059b0   Data           2  lc_numeric_c.o(locale$$data)
    __lcnum_c_start                          0x080059b8   Data           0  lc_numeric_c.o(locale$$data)
    __lcnum_c_point                          0x080059c4   Data           0  lc_numeric_c.o(locale$$data)
    __lcnum_c_thousands                      0x080059c6   Data           0  lc_numeric_c.o(locale$$data)
    __lcnum_c_grouping                       0x080059c7   Data           0  lc_numeric_c.o(locale$$data)
    __lcnum_c_end                            0x080059c8   Data           0  lc_numeric_c.o(locale$$data)
    .data                                    0x20000000   Section       24  main.o(.data)
    .data                                    0x20000018   Section       12  stm32l4xx_hal.o(.data)
    .data                                    0x20000024   Section        4  system_stm32l4xx.o(.data)
    .data                                    0x20000028   Section       60  tasks.o(.data)
    uxDeletedTasksWaitingCleanUp             0x2000002c   Data           4  tasks.o(.data)
    uxCurrentNumberOfTasks                   0x20000030   Data           4  tasks.o(.data)
    xTickCount                               0x20000034   Data           4  tasks.o(.data)
    uxTopReadyPriority                       0x20000038   Data           4  tasks.o(.data)
    xSchedulerRunning                        0x2000003c   Data           4  tasks.o(.data)
    xPendedTicks                             0x20000040   Data           4  tasks.o(.data)
    xYieldPending                            0x20000044   Data           4  tasks.o(.data)
    xNumOfOverflows                          0x20000048   Data           4  tasks.o(.data)
    uxTaskNumber                             0x2000004c   Data           4  tasks.o(.data)
    xNextTaskUnblockTime                     0x20000050   Data           4  tasks.o(.data)
    xIdleTaskHandle                          0x20000054   Data           4  tasks.o(.data)
    uxSchedulerSuspended                     0x20000058   Data           4  tasks.o(.data)
    pxDelayedTaskList                        0x2000005c   Data           4  tasks.o(.data)
    pxOverflowDelayedTaskList                0x20000060   Data           4  tasks.o(.data)
    .data                                    0x20000064   Section       32  heap_4.o(.data)
    pxEnd                                    0x20000064   Data           4  heap_4.o(.data)
    xFreeBytesRemaining                      0x20000068   Data           4  heap_4.o(.data)
    xMinimumEverFreeBytesRemaining           0x2000006c   Data           4  heap_4.o(.data)
    xNumberOfSuccessfulAllocations           0x20000070   Data           4  heap_4.o(.data)
    xNumberOfSuccessfulFrees                 0x20000074   Data           4  heap_4.o(.data)
    xBlockAllocatedBit                       0x20000078   Data           4  heap_4.o(.data)
    xStart                                   0x2000007c   Data           8  heap_4.o(.data)
    .data                                    0x20000084   Section       12  port.o(.data)
    ucMaxSysCallPriority                     0x20000084   Data           1  port.o(.data)
    uxCriticalNesting                        0x20000088   Data           4  port.o(.data)
    ulMaxPRIGROUPValue                       0x2000008c   Data           4  port.o(.data)
    .bss                                     0x20000090   Section      316  main.o(.bss)
    .bss                                     0x200001cc   Section      596  freertos.o(.bss)
    xIdleTaskTCBBuffer                       0x200001cc   Data          84  freertos.o(.bss)
    xIdleStack                               0x20000220   Data         512  freertos.o(.bss)
    .bss                                     0x20000420   Section       76  stm32l4xx_hal_timebase_tim.o(.bss)
    .bss                                     0x2000046c   Section      240  tasks.o(.bss)
    pxReadyTasksLists                        0x2000046c   Data         140  tasks.o(.bss)
    xDelayedTaskList1                        0x200004f8   Data          20  tasks.o(.bss)
    xDelayedTaskList2                        0x2000050c   Data          20  tasks.o(.bss)
    xPendingReadyList                        0x20000520   Data          20  tasks.o(.bss)
    xTasksWaitingTermination                 0x20000534   Data          20  tasks.o(.bss)
    xSuspendedTaskList                       0x20000548   Data          20  tasks.o(.bss)
    .bss                                     0x2000055c   Section     3000  heap_4.o(.bss)
    ucHeap                                   0x2000055c   Data        3000  heap_4.o(.bss)
    .bss                                     0x20001114   Section       96  libspace.o(.bss)
    HEAP                                     0x20001178   Section      512  startup_stm32l432xx.o(HEAP)
    Heap_Mem                                 0x20001178   Data         512  startup_stm32l432xx.o(HEAP)
    STACK                                    0x20001378   Section     1024  startup_stm32l432xx.o(STACK)
    Stack_Mem                                0x20001378   Data        1024  startup_stm32l432xx.o(STACK)
    __initial_sp                             0x20001778   Data           0  startup_stm32l432xx.o(STACK)

    Global Symbols

    Symbol Name                              Value     Ov Type        Size  Object(Section)

    BuildAttributes$$THM_ISAv4$E$P$D$K$B$S$7EM$VFPi3$EXTD16$VFPS$VFMA$PE$A:L22UL41UL21$X:L11$S22US41US21$IEEE1$IW$USESV6$~STKCKD$USESV7$~SHL$OTIME$ROPI$IEEEJ$EBA8$UX$STANDARDLIB$REQ8$PRES8$EABIv2 0x00000000   Number         0  anon$$obj.o ABSOLUTE
    __ARM_use_no_argv                        0x00000000   Number         0  main.o ABSOLUTE
    _printf_flags                            0x00000000   Number         0  printf_stubs.o ABSOLUTE
    _printf_return_value                     0x00000000   Number         0  printf_stubs.o ABSOLUTE
    _printf_sizespec                         0x00000000   Number         0  printf_stubs.o ABSOLUTE
    _printf_widthprec                        0x00000000   Number         0  printf_stubs.o ABSOLUTE
    __ARM_exceptions_init                     - Undefined Weak Reference
    __alloca_initialize                       - Undefined Weak Reference
    __arm_preinit_                            - Undefined Weak Reference
    __cpp_initialize__aeabi_                  - Undefined Weak Reference
    __cxa_finalize                            - Undefined Weak Reference
    __sigvec_lookup                           - Undefined Weak Reference
    _atexit_init                              - Undefined Weak Reference
    _call_atexit_fns                          - Undefined Weak Reference
    _clock_init                               - Undefined Weak Reference
    _fp_trap_init                             - Undefined Weak Reference
    _fp_trap_shutdown                         - Undefined Weak Reference
    _get_lc_collate                           - Undefined Weak Reference
    _get_lc_ctype                             - Undefined Weak Reference
    _get_lc_monetary                          - Undefined Weak Reference
    _get_lc_time                              - Undefined Weak Reference
    _getenv_init                              - Undefined Weak Reference
    _handle_redirection                       - Undefined Weak Reference
    _init_alloc                               - Undefined Weak Reference
    _init_user_alloc                          - Undefined Weak Reference
    _initio                                   - Undefined Weak Reference
    _printf_truncate_unsigned                 - Undefined Weak Reference
    _rand_init                                - Undefined Weak Reference
    _signal_finish                            - Undefined Weak Reference
    _signal_init                              - Undefined Weak Reference
    _terminate_alloc                          - Undefined Weak Reference
    _terminate_user_alloc                     - Undefined Weak Reference
    _terminateio                              - Undefined Weak Reference
    __Vectors_Size                           0x0000018c   Number         0  startup_stm32l432xx.o ABSOLUTE
    __Vectors                                0x08000000   Data           4  startup_stm32l432xx.o(RESET)
    __Vectors_End                            0x0800018c   Data           0  startup_stm32l432xx.o(RESET)
    __main                                   0x0800018d   Thumb Code     8  __main.o(!!!main)
    __scatterload                            0x08000195   Thumb Code     0  __scatter.o(!!!scatter)
    __scatterload_rt2                        0x08000195   Thumb Code    44  __scatter.o(!!!scatter)
    __scatterload_rt2_thumb_only             0x08000195   Thumb Code     0  __scatter.o(!!!scatter)
    __scatterload_null                       0x080001a3   Thumb Code     0  __scatter.o(!!!scatter)
    __scatterload_copy                       0x080001c9   Thumb Code    26  __scatter_copy.o(!!handler_copy)
    __scatterload_zeroinit                   0x080001e5   Thumb Code    28  __scatter_zi.o(!!handler_zi)
    _printf_f                                0x08000201   Thumb Code     0  _printf_f.o(.ARM.Collect$$_printf_percent$$00000003)
    _printf_percent                          0x08000201   Thumb Code     0  _printf_percent.o(.ARM.Collect$$_printf_percent$$00000000)
    _printf_x                                0x08000207   Thumb Code     0  _printf_x.o(.ARM.Collect$$_printf_percent$$0000000C)
    _printf_percent_end                      0x0800020d   Thumb Code     0  _printf_percent_end.o(.ARM.Collect$$_printf_percent$$00000017)
    __rt_lib_init                            0x08000211   Thumb Code     0  libinit.o(.ARM.Collect$$libinit$$00000000)
    __rt_lib_init_fp_1                       0x08000213   Thumb Code     0  libinit2.o(.ARM.Collect$$libinit$$00000001)
    __rt_lib_init_heap_1                     0x08000217   Thumb Code     0  libinit2.o(.ARM.Collect$$libinit$$0000000A)
    __rt_lib_init_lc_common                  0x08000217   Thumb Code     0  libinit2.o(.ARM.Collect$$libinit$$0000000F)
    __rt_lib_init_preinit_1                  0x08000217   Thumb Code     0  libinit2.o(.ARM.Collect$$libinit$$00000004)
    __rt_lib_init_rand_1                     0x08000217   Thumb Code     0  libinit2.o(.ARM.Collect$$libinit$$0000000E)
    __rt_lib_init_user_alloc_1               0x08000217   Thumb Code     0  libinit2.o(.ARM.Collect$$libinit$$0000000C)
    __rt_lib_init_lc_collate_1               0x0800021d   Thumb Code     0  libinit2.o(.ARM.Collect$$libinit$$00000011)
    __rt_lib_init_lc_ctype_1                 0x0800021d   Thumb Code     0  libinit2.o(.ARM.Collect$$libinit$$00000013)
    __rt_lib_init_lc_monetary_1              0x0800021d   Thumb Code     0  libinit2.o(.ARM.Collect$$libinit$$00000015)
    __rt_lib_init_lc_numeric_2               0x0800021d   Thumb Code     0  libinit2.o(.ARM.Collect$$libinit$$00000016)
    __rt_lib_init_alloca_1                   0x08000227   Thumb Code     0  libinit2.o(.ARM.Collect$$libinit$$0000002E)
    __rt_lib_init_argv_1                     0x08000227   Thumb Code     0  libinit2.o(.ARM.Collect$$libinit$$0000002C)
    __rt_lib_init_atexit_1                   0x08000227   Thumb Code     0  libinit2.o(.ARM.Collect$$libinit$$0000001B)
    __rt_lib_init_clock_1                    0x08000227   Thumb Code     0  libinit2.o(.ARM.Collect$$libinit$$00000021)
    __rt_lib_init_cpp_1                      0x08000227   Thumb Code     0  libinit2.o(.ARM.Collect$$libinit$$00000032)
    __rt_lib_init_exceptions_1               0x08000227   Thumb Code     0  libinit2.o(.ARM.Collect$$libinit$$00000030)
    __rt_lib_init_fp_trap_1                  0x08000227   Thumb Code     0  libinit2.o(.ARM.Collect$$libinit$$0000001F)
    __rt_lib_init_getenv_1                   0x08000227   Thumb Code     0  libinit2.o(.ARM.Collect$$libinit$$00000023)
    __rt_lib_init_lc_numeric_1               0x08000227   Thumb Code     0  libinit2.o(.ARM.Collect$$libinit$$00000017)
    __rt_lib_init_lc_time_1                  0x08000227   Thumb Code     0  libinit2.o(.ARM.Collect$$libinit$$00000019)
    __rt_lib_init_return                     0x08000227   Thumb Code     0  libinit2.o(.ARM.Collect$$libinit$$00000033)
    __rt_lib_init_signal_1                   0x08000227   Thumb Code     0  libinit2.o(.ARM.Collect$$libinit$$0000001D)
    __rt_lib_init_stdio_1                    0x08000227   Thumb Code     0  libinit2.o(.ARM.Collect$$libinit$$00000025)
    __rt_lib_shutdown                        0x08000229   Thumb Code     0  libshutdown.o(.ARM.Collect$$libshutdown$$00000000)
    __rt_lib_shutdown_cpp_1                  0x0800022b   Thumb Code     0  libshutdown2.o(.ARM.Collect$$libshutdown$$00000002)
    __rt_lib_shutdown_fp_trap_1              0x0800022b   Thumb Code     0  libshutdown2.o(.ARM.Collect$$libshutdown$$00000007)
    __rt_lib_shutdown_heap_1                 0x0800022b   Thumb Code     0  libshutdown2.o(.ARM.Collect$$libshutdown$$0000000F)
    __rt_lib_shutdown_return                 0x0800022b   Thumb Code     0  libshutdown2.o(.ARM.Collect$$libshutdown$$00000010)
    __rt_lib_shutdown_signal_1               0x0800022b   Thumb Code     0  libshutdown2.o(.ARM.Collect$$libshutdown$$0000000A)
    __rt_lib_shutdown_stdio_1                0x0800022b   Thumb Code     0  libshutdown2.o(.ARM.Collect$$libshutdown$$00000004)
    __rt_lib_shutdown_user_alloc_1           0x0800022b   Thumb Code     0  libshutdown2.o(.ARM.Collect$$libshutdown$$0000000C)
    __rt_entry                               0x0800022d   Thumb Code     0  __rtentry.o(.ARM.Collect$$rtentry$$00000000)
    __rt_entry_presh_1                       0x0800022d   Thumb Code     0  __rtentry2.o(.ARM.Collect$$rtentry$$00000002)
    __rt_entry_sh                            0x0800022d   Thumb Code     0  __rtentry4.o(.ARM.Collect$$rtentry$$00000004)
    __rt_entry_li                            0x08000233   Thumb Code     0  __rtentry2.o(.ARM.Collect$$rtentry$$0000000A)
    __rt_entry_postsh_1                      0x08000233   Thumb Code     0  __rtentry2.o(.ARM.Collect$$rtentry$$00000009)
    __rt_entry_main                          0x08000237   Thumb Code     0  __rtentry2.o(.ARM.Collect$$rtentry$$0000000D)
    __rt_entry_postli_1                      0x08000237   Thumb Code     0  __rtentry2.o(.ARM.Collect$$rtentry$$0000000C)
    __rt_exit                                0x0800023f   Thumb Code     0  rtexit.o(.ARM.Collect$$rtexit$$00000000)
    __rt_exit_ls                             0x08000241   Thumb Code     0  rtexit2.o(.ARM.Collect$$rtexit$$00000003)
    __rt_exit_prels_1                        0x08000241   Thumb Code     0  rtexit2.o(.ARM.Collect$$rtexit$$00000002)
    __rt_exit_exit                           0x08000245   Thumb Code     0  rtexit2.o(.ARM.Collect$$rtexit$$00000004)
    SVC_Handler                              0x0800024d   Thumb Code    28  port.o(.emb_text)
    __asm___6_port_c_39a90d8d__prvStartFirstTask 0x0800026d   Thumb Code    36  port.o(.emb_text)
    __asm___6_port_c_39a90d8d__prvEnableVFP  0x08000295   Thumb Code    16  port.o(.emb_text)
    PendSV_Handler                           0x080002a9   Thumb Code    88  port.o(.emb_text)
    vPortGetIPSR                             0x08000305   Thumb Code     6  port.o(.emb_text)
    Reset_Handler                            0x0800032d   Thumb Code     8  startup_stm32l432xx.o(.text)
    ADC1_IRQHandler                          0x08000347   Thumb Code     0  startup_stm32l432xx.o(.text)
    CAN1_RX0_IRQHandler                      0x08000347   Thumb Code     0  startup_stm32l432xx.o(.text)
    CAN1_RX1_IRQHandler                      0x08000347   Thumb Code     0  startup_stm32l432xx.o(.text)
    CAN1_SCE_IRQHandler                      0x08000347   Thumb Code     0  startup_stm32l432xx.o(.text)
    CAN1_TX_IRQHandler                       0x08000347   Thumb Code     0  startup_stm32l432xx.o(.text)
    COMP_IRQHandler                          0x08000347   Thumb Code     0  startup_stm32l432xx.o(.text)
    CRS_IRQHandler                           0x08000347   Thumb Code     0  startup_stm32l432xx.o(.text)
    DMA1_Channel1_IRQHandler                 0x08000347   Thumb Code     0  startup_stm32l432xx.o(.text)
    DMA1_Channel2_IRQHandler                 0x08000347   Thumb Code     0  startup_stm32l432xx.o(.text)
    DMA1_Channel3_IRQHandler                 0x08000347   Thumb Code     0  startup_stm32l432xx.o(.text)
    DMA1_Channel4_IRQHandler                 0x08000347   Thumb Code     0  startup_stm32l432xx.o(.text)
    DMA1_Channel5_IRQHandler                 0x08000347   Thumb Code     0  startup_stm32l432xx.o(.text)
    DMA1_Channel6_IRQHandler                 0x08000347   Thumb Code     0  startup_stm32l432xx.o(.text)
    DMA1_Channel7_IRQHandler                 0x08000347   Thumb Code     0  startup_stm32l432xx.o(.text)
    DMA2_Channel1_IRQHandler                 0x08000347   Thumb Code     0  startup_stm32l432xx.o(.text)
    DMA2_Channel2_IRQHandler                 0x08000347   Thumb Code     0  startup_stm32l432xx.o(.text)
    DMA2_Channel3_IRQHandler                 0x08000347   Thumb Code     0  startup_stm32l432xx.o(.text)
    DMA2_Channel4_IRQHandler                 0x08000347   Thumb Code     0  startup_stm32l432xx.o(.text)
    DMA2_Channel5_IRQHandler                 0x08000347   Thumb Code     0  startup_stm32l432xx.o(.text)
    DMA2_Channel6_IRQHandler                 0x08000347   Thumb Code     0  startup_stm32l432xx.o(.text)
    DMA2_Channel7_IRQHandler                 0x08000347   Thumb Code     0  startup_stm32l432xx.o(.text)
    EXTI0_IRQHandler                         0x08000347   Thumb Code     0  startup_stm32l432xx.o(.text)
    EXTI15_10_IRQHandler                     0x08000347   Thumb Code     0  startup_stm32l432xx.o(.text)
    EXTI1_IRQHandler                         0x08000347   Thumb Code     0  startup_stm32l432xx.o(.text)
    EXTI2_IRQHandler                         0x08000347   Thumb Code     0  startup_stm32l432xx.o(.text)
    EXTI3_IRQHandler                         0x08000347   Thumb Code     0  startup_stm32l432xx.o(.text)
    EXTI4_IRQHandler                         0x08000347   Thumb Code     0  startup_stm32l432xx.o(.text)
    EXTI9_5_IRQHandler                       0x08000347   Thumb Code     0  startup_stm32l432xx.o(.text)
    FLASH_IRQHandler                         0x08000347   Thumb Code     0  startup_stm32l432xx.o(.text)
    FPU_IRQHandler                           0x08000347   Thumb Code     0  startup_stm32l432xx.o(.text)
    I2C1_ER_IRQHandler                       0x08000347   Thumb Code     0  startup_stm32l432xx.o(.text)
    I2C1_EV_IRQHandler                       0x08000347   Thumb Code     0  startup_stm32l432xx.o(.text)
    I2C3_ER_IRQHandler                       0x08000347   Thumb Code     0  startup_stm32l432xx.o(.text)
    I2C3_EV_IRQHandler                       0x08000347   Thumb Code     0  startup_stm32l432xx.o(.text)
    LPTIM1_IRQHandler                        0x08000347   Thumb Code     0  startup_stm32l432xx.o(.text)
    LPTIM2_IRQHandler                        0x08000347   Thumb Code     0  startup_stm32l432xx.o(.text)
    LPUART1_IRQHandler                       0x08000347   Thumb Code     0  startup_stm32l432xx.o(.text)
    PVD_PVM_IRQHandler                       0x08000347   Thumb Code     0  startup_stm32l432xx.o(.text)
    QUADSPI_IRQHandler                       0x08000347   Thumb Code     0  startup_stm32l432xx.o(.text)
    RCC_IRQHandler                           0x08000347   Thumb Code     0  startup_stm32l432xx.o(.text)
    RNG_IRQHandler                           0x08000347   Thumb Code     0  startup_stm32l432xx.o(.text)
    RTC_Alarm_IRQHandler                     0x08000347   Thumb Code     0  startup_stm32l432xx.o(.text)
    RTC_WKUP_IRQHandler                      0x08000347   Thumb Code     0  startup_stm32l432xx.o(.text)
    SAI1_IRQHandler                          0x08000347   Thumb Code     0  startup_stm32l432xx.o(.text)
    SPI1_IRQHandler                          0x08000347   Thumb Code     0  startup_stm32l432xx.o(.text)
    SPI3_IRQHandler                          0x08000347   Thumb Code     0  startup_stm32l432xx.o(.text)
    SWPMI1_IRQHandler                        0x08000347   Thumb Code     0  startup_stm32l432xx.o(.text)
    TAMP_STAMP_IRQHandler                    0x08000347   Thumb Code     0  startup_stm32l432xx.o(.text)
    TIM1_BRK_TIM15_IRQHandler                0x08000347   Thumb Code     0  startup_stm32l432xx.o(.text)
    TIM1_CC_IRQHandler                       0x08000347   Thumb Code     0  startup_stm32l432xx.o(.text)
    TIM1_TRG_COM_IRQHandler                  0x08000347   Thumb Code     0  startup_stm32l432xx.o(.text)
    TIM2_IRQHandler                          0x08000347   Thumb Code     0  startup_stm32l432xx.o(.text)
    TIM6_DAC_IRQHandler                      0x08000347   Thumb Code     0  startup_stm32l432xx.o(.text)
    TIM7_IRQHandler                          0x08000347   Thumb Code     0  startup_stm32l432xx.o(.text)
    TSC_IRQHandler                           0x08000347   Thumb Code     0  startup_stm32l432xx.o(.text)
    USART1_IRQHandler                        0x08000347   Thumb Code     0  startup_stm32l432xx.o(.text)
    USB_IRQHandler                           0x08000347   Thumb Code     0  startup_stm32l432xx.o(.text)
    WWDG_IRQHandler                          0x08000347   Thumb Code     0  startup_stm32l432xx.o(.text)
    __user_initial_stackheap                 0x08000349   Thumb Code     0  startup_stm32l432xx.o(.text)
    __aeabi_uldivmod                         0x0800036d   Thumb Code     0  lludivv7m.o(.text)
    _ll_udiv                                 0x0800036d   Thumb Code   238  lludivv7m.o(.text)
    __2sprintf                               0x0800045d   Thumb Code    34  noretval__2sprintf.o(.text)
    _printf_pre_padding                      0x08000485   Thumb Code    44  _printf_pad.o(.text)
    _printf_post_padding                     0x080004b1   Thumb Code    34  _printf_pad.o(.text)
    _printf_int_hex                          0x080004d5   Thumb Code    84  _printf_hex_int.o(.text)
    _printf_longlong_hex                     0x080004d5   Thumb Code     0  _printf_hex_int.o(.text)
    __printf                                 0x0800052d   Thumb Code   308  __printf_flags_wp.o(.text)
    strlen                                   0x0800066b   Thumb Code    62  strlen.o(.text)
    __aeabi_memcpy                           0x080006a9   Thumb Code     0  rt_memcpy_v6.o(.text)
    __rt_memcpy                              0x080006a9   Thumb Code   138  rt_memcpy_v6.o(.text)
    _memcpy_lastbytes                        0x0800070f   Thumb Code     0  rt_memcpy_v6.o(.text)
    __aeabi_memcpy4                          0x08000733   Thumb Code     0  rt_memcpy_w.o(.text)
    __aeabi_memcpy8                          0x08000733   Thumb Code     0  rt_memcpy_w.o(.text)
    __rt_memcpy_w                            0x08000733   Thumb Code   100  rt_memcpy_w.o(.text)
    _memcpy_lastbytes_aligned                0x0800077b   Thumb Code     0  rt_memcpy_w.o(.text)
    __aeabi_memclr4                          0x08000797   Thumb Code     0  rt_memclr_w.o(.text)
    __aeabi_memclr8                          0x08000797   Thumb Code     0  rt_memclr_w.o(.text)
    __rt_memclr_w                            0x08000797   Thumb Code    78  rt_memclr_w.o(.text)
    _memset_w                                0x0800079b   Thumb Code     0  rt_memclr_w.o(.text)
    __use_two_region_memory                  0x080007e5   Thumb Code     2  heapauxi.o(.text)
    __rt_heap_escrow$2region                 0x080007e7   Thumb Code     2  heapauxi.o(.text)
    __rt_heap_expand$2region                 0x080007e9   Thumb Code     2  heapauxi.o(.text)
    _printf_int_common                       0x080007eb   Thumb Code   178  _printf_intcommon.o(.text)
    __lib_sel_fp_printf                      0x0800089d   Thumb Code     2  _printf_fp_dec.o(.text)
    _printf_fp_dec_real                      0x08000a4f   Thumb Code   620  _printf_fp_dec.o(.text)
    _printf_char_common                      0x08000ccb   Thumb Code    32  _printf_char_common.o(.text)
    _sputc                                   0x08000cf1   Thumb Code    10  _sputc.o(.text)
    __rt_locale                              0x08000cfd   Thumb Code     8  rt_locale_intlibspace.o(.text)
    _ll_udiv10                               0x08000d05   Thumb Code   138  lludiv10.o(.text)
    _printf_fp_infnan                        0x08000d91   Thumb Code   112  _printf_fp_infnan.o(.text)
    _btod_etento                             0x08000e11   Thumb Code   224  bigflt0.o(.text)
    __user_libspace                          0x08000ef5   Thumb Code     8  libspace.o(.text)
    __user_perproc_libspace                  0x08000ef5   Thumb Code     0  libspace.o(.text)
    __user_perthread_libspace                0x08000ef5   Thumb Code     0  libspace.o(.text)
    __user_setup_stackheap                   0x08000efd   Thumb Code    74  sys_stackheap_outer.o(.text)
    exit                                     0x08000f47   Thumb Code    18  exit.o(.text)
    strcmp                                   0x08000f59   Thumb Code   128  strcmpv7m.o(.text)
    _sys_exit                                0x08000fd9   Thumb Code     8  sys_exit.o(.text)
    __I$use$semihosting                      0x08000fe5   Thumb Code     0  use_no_semi.o(.text)
    __use_no_semihosting_swi                 0x08000fe5   Thumb Code     2  use_no_semi.o(.text)
    __semihosting_library_function           0x08000fe7   Thumb Code     0  indicate_semi.o(.text)
    _btod_d2e                                0x08000fe7   Thumb Code    62  btod.o(CL$$btod_d2e)
    _d2e_denorm_low                          0x08001025   Thumb Code    70  btod.o(CL$$btod_d2e_denorm_low)
    _d2e_norm_op1                            0x0800106b   Thumb Code    96  btod.o(CL$$btod_d2e_norm_op1)
    __btod_div_common                        0x080010cb   Thumb Code   696  btod.o(CL$$btod_div_common)
    _e2e                                     0x08001403   Thumb Code   220  btod.o(CL$$btod_e2e)
    _btod_ediv                               0x080014df   Thumb Code    42  btod.o(CL$$btod_ediv)
    _btod_emul                               0x08001509   Thumb Code    42  btod.o(CL$$btod_emul)
    __btod_mult_common                       0x08001533   Thumb Code   580  btod.o(CL$$btod_mult_common)
    BusFault_Handler                         0x08001777   Thumb Code     2  stm32l4xx_it.o(i.BusFault_Handler)
    DebugMon_Handler                         0x08001779   Thumb Code     2  stm32l4xx_it.o(i.DebugMon_Handler)
    Error_Handler                            0x0800177b   Thumb Code     4  main.o(i.Error_Handler)
    HAL_DMA_Abort                            0x0800177f   Thumb Code    74  stm32l4xx_hal_dma.o(i.HAL_DMA_Abort)
    HAL_DMA_Abort_IT                         0x080017c9   Thumb Code    78  stm32l4xx_hal_dma.o(i.HAL_DMA_Abort_IT)
    HAL_Delay                                0x08001819   Thumb Code    32  stm32l4xx_hal.o(i.HAL_Delay)
    HAL_GPIO_Init                            0x0800183d   Thumb Code   488  stm32l4xx_hal_gpio.o(i.HAL_GPIO_Init)
    HAL_GPIO_TogglePin                       0x08001a3f   Thumb Code    16  stm32l4xx_hal_gpio.o(i.HAL_GPIO_TogglePin)
    HAL_GPIO_WritePin                        0x08001a4f   Thumb Code    10  stm32l4xx_hal_gpio.o(i.HAL_GPIO_WritePin)
    HAL_GetTick                              0x08001a59   Thumb Code     6  stm32l4xx_hal.o(i.HAL_GetTick)
    HAL_I2CEx_ConfigAnalogFilter             0x08001a65   Thumb Code    86  stm32l4xx_hal_i2c_ex.o(i.HAL_I2CEx_ConfigAnalogFilter)
    HAL_I2CEx_ConfigDigitalFilter            0x08001abb   Thumb Code    82  stm32l4xx_hal_i2c_ex.o(i.HAL_I2CEx_ConfigDigitalFilter)
    HAL_I2C_Init                             0x08001b0d   Thumb Code   178  stm32l4xx_hal_i2c.o(i.HAL_I2C_Init)
    HAL_I2C_IsDeviceReady                    0x08001bc5   Thumb Code   282  stm32l4xx_hal_i2c.o(i.HAL_I2C_IsDeviceReady)
    HAL_I2C_Master_Receive                   0x08001cf1   Thumb Code   282  stm32l4xx_hal_i2c.o(i.HAL_I2C_Master_Receive)
    HAL_I2C_Master_Transmit                  0x08001e1d   Thumb Code   282  stm32l4xx_hal_i2c.o(i.HAL_I2C_Master_Transmit)
    HAL_I2C_MspInit                          0x08001f49   Thumb Code   118  stm32l4xx_hal_msp.o(i.HAL_I2C_MspInit)
    HAL_IncTick                              0x08001fc9   Thumb Code    12  stm32l4xx_hal.o(i.HAL_IncTick)
    HAL_Init                                 0x08001fd9   Thumb Code    30  stm32l4xx_hal.o(i.HAL_Init)
    HAL_InitTick                             0x08001ff9   Thumb Code   118  stm32l4xx_hal_timebase_tim.o(i.HAL_InitTick)
    HAL_MspInit                              0x08002085   Thumb Code    48  stm32l4xx_hal_msp.o(i.HAL_MspInit)
    HAL_NVIC_EnableIRQ                       0x080020b9   Thumb Code    26  stm32l4xx_hal_cortex.o(i.HAL_NVIC_EnableIRQ)
    HAL_NVIC_SetPriority                     0x080020d5   Thumb Code    60  stm32l4xx_hal_cortex.o(i.HAL_NVIC_SetPriority)
    HAL_NVIC_SetPriorityGrouping             0x08002115   Thumb Code    26  stm32l4xx_hal_cortex.o(i.HAL_NVIC_SetPriorityGrouping)
    HAL_PWREx_ControlVoltageScaling          0x08002139   Thumb Code    90  stm32l4xx_hal_pwr_ex.o(i.HAL_PWREx_ControlVoltageScaling)
    HAL_PWREx_GetVoltageRange                0x080021a1   Thumb Code    10  stm32l4xx_hal_pwr_ex.o(i.HAL_PWREx_GetVoltageRange)
    HAL_PWR_EnableBkUpAccess                 0x080021b1   Thumb Code    12  stm32l4xx_hal_pwr.o(i.HAL_PWR_EnableBkUpAccess)
    HAL_RCCEx_EnableMSIPLLMode               0x080021c1   Thumb Code    12  stm32l4xx_hal_rcc_ex.o(i.HAL_RCCEx_EnableMSIPLLMode)
    HAL_RCCEx_PeriphCLKConfig                0x080021d1   Thumb Code   634  stm32l4xx_hal_rcc_ex.o(i.HAL_RCCEx_PeriphCLKConfig)
    HAL_RCC_ClockConfig                      0x0800245d   Thumb Code   304  stm32l4xx_hal_rcc.o(i.HAL_RCC_ClockConfig)
    HAL_RCC_GetClockConfig                   0x080025a1   Thumb Code    54  stm32l4xx_hal_rcc.o(i.HAL_RCC_GetClockConfig)
    HAL_RCC_GetPCLK1Freq                     0x080025e1   Thumb Code    24  stm32l4xx_hal_rcc.o(i.HAL_RCC_GetPCLK1Freq)
    HAL_RCC_GetPCLK2Freq                     0x08002605   Thumb Code    24  stm32l4xx_hal_rcc.o(i.HAL_RCC_GetPCLK2Freq)
    HAL_RCC_GetSysClockFreq                  0x08002629   Thumb Code   150  stm32l4xx_hal_rcc.o(i.HAL_RCC_GetSysClockFreq)
    HAL_RCC_OscConfig                        0x080026cd   Thumb Code  1366  stm32l4xx_hal_rcc.o(i.HAL_RCC_OscConfig)
    HAL_TIMEx_Break2Callback                 0x08002c2d   Thumb Code     2  stm32l4xx_hal_tim_ex.o(i.HAL_TIMEx_Break2Callback)
    HAL_TIMEx_BreakCallback                  0x08002c2f   Thumb Code     2  stm32l4xx_hal_tim_ex.o(i.HAL_TIMEx_BreakCallback)
    HAL_TIMEx_CommutCallback                 0x08002c31   Thumb Code     2  stm32l4xx_hal_tim_ex.o(i.HAL_TIMEx_CommutCallback)
    HAL_TIM_Base_Init                        0x08002c33   Thumb Code    98  stm32l4xx_hal_tim.o(i.HAL_TIM_Base_Init)
    HAL_TIM_Base_MspInit                     0x08002c95   Thumb Code     2  stm32l4xx_hal_tim.o(i.HAL_TIM_Base_MspInit)
    HAL_TIM_Base_Start_IT                    0x08002c99   Thumb Code    76  stm32l4xx_hal_tim.o(i.HAL_TIM_Base_Start_IT)
    HAL_TIM_IC_CaptureCallback               0x08002cf1   Thumb Code     2  stm32l4xx_hal_tim.o(i.HAL_TIM_IC_CaptureCallback)
    HAL_TIM_IRQHandler                       0x08002cf3   Thumb Code   388  stm32l4xx_hal_tim.o(i.HAL_TIM_IRQHandler)
    HAL_TIM_OC_DelayElapsedCallback          0x08002e77   Thumb Code     2  stm32l4xx_hal_tim.o(i.HAL_TIM_OC_DelayElapsedCallback)
    HAL_TIM_PWM_PulseFinishedCallback        0x08002e79   Thumb Code     2  stm32l4xx_hal_tim.o(i.HAL_TIM_PWM_PulseFinishedCallback)
    HAL_TIM_PeriodElapsedCallback            0x08002e7d   Thumb Code    14  main.o(i.HAL_TIM_PeriodElapsedCallback)
    HAL_TIM_TriggerCallback                  0x08002e91   Thumb Code     2  stm32l4xx_hal_tim.o(i.HAL_TIM_TriggerCallback)
    HAL_UARTEx_RxEventCallback               0x08002e93   Thumb Code     2  stm32l4xx_hal_uart.o(i.HAL_UARTEx_RxEventCallback)
    HAL_UARTEx_WakeupCallback                0x08002e95   Thumb Code     2  stm32l4xx_hal_uart_ex.o(i.HAL_UARTEx_WakeupCallback)
    HAL_UART_ErrorCallback                   0x08002e97   Thumb Code     2  stm32l4xx_hal_uart.o(i.HAL_UART_ErrorCallback)
    HAL_UART_IRQHandler                      0x08002e99   Thumb Code   652  stm32l4xx_hal_uart.o(i.HAL_UART_IRQHandler)
    HAL_UART_Init                            0x0800312d   Thumb Code   102  stm32l4xx_hal_uart.o(i.HAL_UART_Init)
    HAL_UART_MspInit                         0x08003195   Thumb Code   152  stm32l4xx_hal_msp.o(i.HAL_UART_MspInit)
    HAL_UART_Transmit                        0x08003235   Thumb Code   182  stm32l4xx_hal_uart.o(i.HAL_UART_Transmit)
    HAL_UART_TxCpltCallback                  0x080032eb   Thumb Code     2  stm32l4xx_hal_uart.o(i.HAL_UART_TxCpltCallback)
    HardFault_Handler                        0x080032ed   Thumb Code     2  stm32l4xx_it.o(i.HardFault_Handler)
    MemManage_Handler                        0x080036e9   Thumb Code     2  stm32l4xx_it.o(i.MemManage_Handler)
    NMI_Handler                              0x080036eb   Thumb Code     2  stm32l4xx_it.o(i.NMI_Handler)
    RTC_Init                                 0x08003895   Thumb Code    46  main.o(i.RTC_Init)
    RTC_ReadTemperature                      0x080038cd   Thumb Code   106  main.o(i.RTC_ReadTemperature)
    RTC_ReadTime                             0x08003941   Thumb Code   116  main.o(i.RTC_ReadTime)
    RTC_SetTime                              0x080039bd   Thumb Code    82  main.o(i.RTC_SetTime)
    SysTick_Handler                          0x08003a15   Thumb Code    38  port.o(i.SysTick_Handler)
    SystemClock_Config                       0x08003a41   Thumb Code   136  main.o(i.SystemClock_Config)
    SystemInit                               0x08003acd   Thumb Code    12  system_stm32l4xx.o(i.SystemInit)
    TIM1_UP_TIM16_IRQHandler                 0x08003add   Thumb Code     6  stm32l4xx_it.o(i.TIM1_UP_TIM16_IRQHandler)
    TIM_Base_SetConfig                       0x08003ae9   Thumb Code    94  stm32l4xx_hal_tim.o(i.TIM_Base_SetConfig)
    UART_AdvFeatureConfig                    0x08003b55   Thumb Code   200  stm32l4xx_hal_uart.o(i.UART_AdvFeatureConfig)
    UART_CheckIdleState                      0x08003c1d   Thumb Code    92  stm32l4xx_hal_uart.o(i.UART_CheckIdleState)
    UART_SetConfig                           0x08003cd9   Thumb Code   448  stm32l4xx_hal_uart.o(i.UART_SetConfig)
    UART_WaitOnFlagUntilTimeout              0x08003eb5   Thumb Code   198  stm32l4xx_hal_uart.o(i.UART_WaitOnFlagUntilTimeout)
    USART2_IRQHandler                        0x08003f7d   Thumb Code     6  stm32l4xx_it.o(i.USART2_IRQHandler)
    UsageFault_Handler                       0x08003f89   Thumb Code     2  stm32l4xx_it.o(i.UsageFault_Handler)
    __ARM_fpclassify                         0x08003f8b   Thumb Code    48  fpclassify.o(i.__ARM_fpclassify)
    _is_digit                                0x08003fdb   Thumb Code    14  __printf_wp.o(i._is_digit)
    main                                     0x08003ff5   Thumb Code   100  main.o(i.main)
    osDelay                                  0x0800406d   Thumb Code    14  cmsis_os.o(i.osDelay)
    osKernelStart                            0x0800407b   Thumb Code    10  cmsis_os.o(i.osKernelStart)
    osMutexCreate                            0x08004085   Thumb Code    16  cmsis_os.o(i.osMutexCreate)
    osMutexRelease                           0x08004095   Thumb Code    74  cmsis_os.o(i.osMutexRelease)
    osMutexWait                              0x080040e5   Thumb Code    96  cmsis_os.o(i.osMutexWait)
    osThreadCreate                           0x08004149   Thumb Code    84  cmsis_os.o(i.osThreadCreate)
    pvPortMalloc                             0x0800462d   Thumb Code   216  heap_4.o(i.pvPortMalloc)
    pvTaskIncrementMutexHeldCount            0x08004709   Thumb Code    18  tasks.o(i.pvTaskIncrementMutexHeldCount)
    pxPortInitialiseStack                    0x08004721   Thumb Code    40  port.o(i.pxPortInitialiseStack)
    start_TempDisplayTask                    0x0800474d   Thumb Code    82  main.o(i.start_TempDisplayTask)
    start_TimeDisplayTask                    0x080047b9   Thumb Code    84  main.o(i.start_TimeDisplayTask)
    uxListRemove                             0x0800482d   Thumb Code    38  list.o(i.uxListRemove)
    vApplicationGetIdleTaskMemory            0x08004855   Thumb Code    16  freertos.o(i.vApplicationGetIdleTaskMemory)
    vListInitialise                          0x08004869   Thumb Code    22  list.o(i.vListInitialise)
    vListInitialiseItem                      0x0800487f   Thumb Code     6  list.o(i.vListInitialiseItem)
    vListInsert                              0x08004885   Thumb Code    48  list.o(i.vListInsert)
    vListInsertEnd                           0x080048b5   Thumb Code    24  list.o(i.vListInsertEnd)
    vPortEnterCritical                       0x080048cd   Thumb Code    54  port.o(i.vPortEnterCritical)
    vPortExitCritical                        0x0800490d   Thumb Code    34  port.o(i.vPortExitCritical)
    vPortFree                                0x08004935   Thumb Code    94  heap_4.o(i.vPortFree)
    vPortSetupTimerInterrupt                 0x08004999   Thumb Code    32  port.o(i.vPortSetupTimerInterrupt)
    vPortValidateInterruptPriority           0x080049bd   Thumb Code    74  port.o(i.vPortValidateInterruptPriority)
    vTaskDelay                               0x08004a11   Thumb Code    66  tasks.o(i.vTaskDelay)
    vTaskInternalSetTimeOutState             0x08004a5d   Thumb Code    12  tasks.o(i.vTaskInternalSetTimeOutState)
    vTaskMissedYield                         0x08004a6d   Thumb Code     8  tasks.o(i.vTaskMissedYield)
    vTaskPlaceOnEventList                    0x08004a79   Thumb Code    44  tasks.o(i.vTaskPlaceOnEventList)
    vTaskPriorityDisinheritAfterTimeout      0x08004aa9   Thumb Code   152  tasks.o(i.vTaskPriorityDisinheritAfterTimeout)
    vTaskStartScheduler                      0x08004b49   Thumb Code    90  tasks.o(i.vTaskStartScheduler)
    vTaskSuspendAll                          0x08004bb5   Thumb Code    10  tasks.o(i.vTaskSuspendAll)
    vTaskSwitchContext                       0x08004bc5   Thumb Code    82  tasks.o(i.vTaskSwitchContext)
    xPortStartScheduler                      0x08004c21   Thumb Code   222  port.o(i.xPortStartScheduler)
    xQueueCreateMutex                        0x08004d15   Thumb Code    22  queue.o(i.xQueueCreateMutex)
    xQueueCreateMutexStatic                  0x08004d2b   Thumb Code    26  queue.o(i.xQueueCreateMutexStatic)
    xQueueGenericCreate                      0x08004d45   Thumb Code    66  queue.o(i.xQueueGenericCreate)
    xQueueGenericCreateStatic                0x08004d87   Thumb Code   102  queue.o(i.xQueueGenericCreateStatic)
    xQueueGenericReset                       0x08004ded   Thumb Code   132  queue.o(i.xQueueGenericReset)
    xQueueGenericSend                        0x08004e75   Thumb Code   346  queue.o(i.xQueueGenericSend)
    xQueueGiveFromISR                        0x08004fd5   Thumb Code   156  queue.o(i.xQueueGiveFromISR)
    xQueueReceiveFromISR                     0x08005071   Thumb Code   154  queue.o(i.xQueueReceiveFromISR)
    xQueueSemaphoreTake                      0x0800510d   Thumb Code   372  queue.o(i.xQueueSemaphoreTake)
    xTaskCheckForTimeOut                     0x08005285   Thumb Code   112  tasks.o(i.xTaskCheckForTimeOut)
    xTaskCreate                              0x080052f9   Thumb Code    90  tasks.o(i.xTaskCreate)
    xTaskCreateStatic                        0x08005359   Thumb Code    86  tasks.o(i.xTaskCreateStatic)
    xTaskGetSchedulerState                   0x080053b1   Thumb Code    22  tasks.o(i.xTaskGetSchedulerState)
    xTaskIncrementTick                       0x080053cd   Thumb Code   194  tasks.o(i.xTaskIncrementTick)
    xTaskPriorityDisinherit                  0x08005499   Thumb Code   144  tasks.o(i.xTaskPriorityDisinherit)
    xTaskPriorityInherit                     0x08005531   Thumb Code   130  tasks.o(i.xTaskPriorityInherit)
    xTaskRemoveFromEventList                 0x080055bd   Thumb Code   108  tasks.o(i.xTaskRemoveFromEventList)
    xTaskResumeAll                           0x08005631   Thumb Code   182  tasks.o(i.xTaskResumeAll)
    _get_lc_numeric                          0x080056f5   Thumb Code    44  lc_numeric_c.o(locale$$code)
    __fpl_dretinf                            0x08005721   Thumb Code    12  dretinf.o(x$fpl$dretinf)
    __aeabi_f2d                              0x0800572d   Thumb Code     0  f2d.o(x$fpl$f2d)
    _f2d                                     0x0800572d   Thumb Code    86  f2d.o(x$fpl$f2d)
    __fpl_fnaninf                            0x08005783   Thumb Code   140  fnaninf.o(x$fpl$fnaninf)
    _fp_init                                 0x0800580f   Thumb Code    10  fpinit.o(x$fpl$fpinit)
    __fplib_config_fpu_vfp                   0x08005817   Thumb Code     0  fpinit.o(x$fpl$fpinit)
    __fplib_config_pureend_doubles           0x08005817   Thumb Code     0  fpinit.o(x$fpl$fpinit)
    _printf_fp_dec                           0x08005819   Thumb Code     4  printf1.o(x$fpl$printf1)
    __I$use$fp                               0x0800581c   Number         0  usenofp.o(x$fpl$usenofp)
    AHBPrescTable                            0x08005854   Data          16  system_stm32l4xx.o(.constdata)
    MSIRangeTable                            0x08005864   Data          48  system_stm32l4xx.o(.constdata)
    APBPrescTable                            0x08005894   Data           8  system_stm32l4xx.o(.constdata)
    Region$$Table$$Base                      0x0800598c   Number         0  anon$$obj.o(Region$$Table)
    Region$$Table$$Limit                     0x080059ac   Number         0  anon$$obj.o(Region$$Table)
    secbuffer                                0x20000000   Data           2  main.o(.data)
    minbuffer                                0x20000002   Data           2  main.o(.data)
    hourbuffer                               0x20000004   Data           2  main.o(.data)
    temp_msb_buffer                          0x20000006   Data           2  main.o(.data)
    temp_lsb_buffer                          0x20000008   Data           2  main.o(.data)
    TimeDisplayTaskHandle                    0x2000000c   Data           4  main.o(.data)
    TempDisplayTaskHandle                    0x20000010   Data           4  main.o(.data)
    uart_mutexHandle                         0x20000014   Data           4  main.o(.data)
    uwTickFreq                               0x20000018   Data           1  stm32l4xx_hal.o(.data)
    uwTickPrio                               0x2000001c   Data           4  stm32l4xx_hal.o(.data)
    uwTick                                   0x20000020   Data           4  stm32l4xx_hal.o(.data)
    SystemCoreClock                          0x20000024   Data           4  system_stm32l4xx.o(.data)
    pxCurrentTCB                             0x20000028   Data           4  tasks.o(.data)
    hi2c1                                    0x20000090   Data          84  main.o(.bss)
    huart2                                   0x200000e4   Data         132  main.o(.bss)
    time_uart_buf                            0x20000168   Data          50  main.o(.bss)
    temp_uart_buf                            0x2000019a   Data          50  main.o(.bss)
    htim1                                    0x20000420   Data          76  stm32l4xx_hal_timebase_tim.o(.bss)
    __libspace_start                         0x20001114   Data          96  libspace.o(.bss)
    __temporary_stack_top$libspace           0x20001174   Data           0  libspace.o(.bss)



==============================================================================

Memory Map of the image

  Image Entry point : 0x0800018d

  Load Region LR_IROM1 (Base: 0x08000000, Size: 0x00005a58, Max: 0x00040000, ABSOLUTE)

    Execution Region ER_IROM1 (Exec base: 0x08000000, Load base: 0x08000000, Size: 0x000059c8, Max: 0x00040000, ABSOLUTE)

    Exec Addr    Load Addr    Size         Type   Attr      Idx    E Section Name        Object

    0x08000000   0x08000000   0x0000018c   Data   RO            3    RESET               startup_stm32l432xx.o
    0x0800018c   0x0800018c   0x00000008   Code   RO         5278  * !!!main             c_w.l(__main.o)
    0x08000194   0x08000194   0x00000034   Code   RO         5510    !!!scatter          c_w.l(__scatter.o)
    0x080001c8   0x080001c8   0x0000001a   Code   RO         5512    !!handler_copy      c_w.l(__scatter_copy.o)
    0x080001e2   0x080001e2   0x00000002   PAD
    0x080001e4   0x080001e4   0x0000001c   Code   RO         5514    !!handler_zi        c_w.l(__scatter_zi.o)
    0x08000200   0x08000200   0x00000000   Code   RO         5265    .ARM.Collect$$_printf_percent$$00000000  c_w.l(_printf_percent.o)
    0x08000200   0x08000200   0x00000006   Code   RO         5264    .ARM.Collect$$_printf_percent$$00000003  c_w.l(_printf_f.o)
    0x08000206   0x08000206   0x00000006   Code   RO         5263    .ARM.Collect$$_printf_percent$$0000000C  c_w.l(_printf_x.o)
    0x0800020c   0x0800020c   0x00000004   Code   RO         5297    .ARM.Collect$$_printf_percent$$00000017  c_w.l(_printf_percent_end.o)
    0x08000210   0x08000210   0x00000002   Code   RO         5383    .ARM.Collect$$libinit$$00000000  c_w.l(libinit.o)
    0x08000212   0x08000212   0x00000004   Code   RO         5384    .ARM.Collect$$libinit$$00000001  c_w.l(libinit2.o)
    0x08000216   0x08000216   0x00000000   Code   RO         5387    .ARM.Collect$$libinit$$00000004  c_w.l(libinit2.o)
    0x08000216   0x08000216   0x00000000   Code   RO         5390    .ARM.Collect$$libinit$$0000000A  c_w.l(libinit2.o)
    0x08000216   0x08000216   0x00000000   Code   RO         5392    .ARM.Collect$$libinit$$0000000C  c_w.l(libinit2.o)
    0x08000216   0x08000216   0x00000000   Code   RO         5394    .ARM.Collect$$libinit$$0000000E  c_w.l(libinit2.o)
    0x08000216   0x08000216   0x00000006   Code   RO         5395    .ARM.Collect$$libinit$$0000000F  c_w.l(libinit2.o)
    0x0800021c   0x0800021c   0x00000000   Code   RO         5397    .ARM.Collect$$libinit$$00000011  c_w.l(libinit2.o)
    0x0800021c   0x0800021c   0x00000000   Code   RO         5399    .ARM.Collect$$libinit$$00000013  c_w.l(libinit2.o)
    0x0800021c   0x0800021c   0x00000000   Code   RO         5401    .ARM.Collect$$libinit$$00000015  c_w.l(libinit2.o)
    0x0800021c   0x0800021c   0x0000000a   Code   RO         5402    .ARM.Collect$$libinit$$00000016  c_w.l(libinit2.o)
    0x08000226   0x08000226   0x00000000   Code   RO         5403    .ARM.Collect$$libinit$$00000017  c_w.l(libinit2.o)
    0x08000226   0x08000226   0x00000000   Code   RO         5405    .ARM.Collect$$libinit$$00000019  c_w.l(libinit2.o)
    0x08000226   0x08000226   0x00000000   Code   RO         5407    .ARM.Collect$$libinit$$0000001B  c_w.l(libinit2.o)
    0x08000226   0x08000226   0x00000000   Code   RO         5409    .ARM.Collect$$libinit$$0000001D  c_w.l(libinit2.o)
    0x08000226   0x08000226   0x00000000   Code   RO         5411    .ARM.Collect$$libinit$$0000001F  c_w.l(libinit2.o)
    0x08000226   0x08000226   0x00000000   Code   RO         5413    .ARM.Collect$$libinit$$00000021  c_w.l(libinit2.o)
    0x08000226   0x08000226   0x00000000   Code   RO         5415    .ARM.Collect$$libinit$$00000023  c_w.l(libinit2.o)
    0x08000226   0x08000226   0x00000000   Code   RO         5417    .ARM.Collect$$libinit$$00000025  c_w.l(libinit2.o)
    0x08000226   0x08000226   0x00000000   Code   RO         5421    .ARM.Collect$$libinit$$0000002C  c_w.l(libinit2.o)
    0x08000226   0x08000226   0x00000000   Code   RO         5423    .ARM.Collect$$libinit$$0000002E  c_w.l(libinit2.o)
    0x08000226   0x08000226   0x00000000   Code   RO         5425    .ARM.Collect$$libinit$$00000030  c_w.l(libinit2.o)
    0x08000226   0x08000226   0x00000000   Code   RO         5427    .ARM.Collect$$libinit$$00000032  c_w.l(libinit2.o)
    0x08000226   0x08000226   0x00000002   Code   RO         5428    .ARM.Collect$$libinit$$00000033  c_w.l(libinit2.o)
    0x08000228   0x08000228   0x00000002   Code   RO         5475    .ARM.Collect$$libshutdown$$00000000  c_w.l(libshutdown.o)
    0x0800022a   0x0800022a   0x00000000   Code   RO         5493    .ARM.Collect$$libshutdown$$00000002  c_w.l(libshutdown2.o)
    0x0800022a   0x0800022a   0x00000000   Code   RO         5495    .ARM.Collect$$libshutdown$$00000004  c_w.l(libshutdown2.o)
    0x0800022a   0x0800022a   0x00000000   Code   RO         5498    .ARM.Collect$$libshutdown$$00000007  c_w.l(libshutdown2.o)
    0x0800022a   0x0800022a   0x00000000   Code   RO         5501    .ARM.Collect$$libshutdown$$0000000A  c_w.l(libshutdown2.o)
    0x0800022a   0x0800022a   0x00000000   Code   RO         5503    .ARM.Collect$$libshutdown$$0000000C  c_w.l(libshutdown2.o)
    0x0800022a   0x0800022a   0x00000000   Code   RO         5506    .ARM.Collect$$libshutdown$$0000000F  c_w.l(libshutdown2.o)
    0x0800022a   0x0800022a   0x00000002   Code   RO         5507    .ARM.Collect$$libshutdown$$00000010  c_w.l(libshutdown2.o)
    0x0800022c   0x0800022c   0x00000000   Code   RO         5284    .ARM.Collect$$rtentry$$00000000  c_w.l(__rtentry.o)
    0x0800022c   0x0800022c   0x00000000   Code   RO         5306    .ARM.Collect$$rtentry$$00000002  c_w.l(__rtentry2.o)
    0x0800022c   0x0800022c   0x00000006   Code   RO         5318    .ARM.Collect$$rtentry$$00000004  c_w.l(__rtentry4.o)
    0x08000232   0x08000232   0x00000000   Code   RO         5308    .ARM.Collect$$rtentry$$00000009  c_w.l(__rtentry2.o)
    0x08000232   0x08000232   0x00000004   Code   RO         5309    .ARM.Collect$$rtentry$$0000000A  c_w.l(__rtentry2.o)
    0x08000236   0x08000236   0x00000000   Code   RO         5311    .ARM.Collect$$rtentry$$0000000C  c_w.l(__rtentry2.o)
    0x08000236   0x08000236   0x00000008   Code   RO         5312    .ARM.Collect$$rtentry$$0000000D  c_w.l(__rtentry2.o)
    0x0800023e   0x0800023e   0x00000002   Code   RO         5429    .ARM.Collect$$rtexit$$00000000  c_w.l(rtexit.o)
    0x08000240   0x08000240   0x00000000   Code   RO         5444    .ARM.Collect$$rtexit$$00000002  c_w.l(rtexit2.o)
    0x08000240   0x08000240   0x00000004   Code   RO         5445    .ARM.Collect$$rtexit$$00000003  c_w.l(rtexit2.o)
    0x08000244   0x08000244   0x00000006   Code   RO         5446    .ARM.Collect$$rtexit$$00000004  c_w.l(rtexit2.o)
    0x0800024a   0x0800024a   0x00000002   PAD
    0x0800024c   0x0800024c   0x000000de   Code   RO         5133    .emb_text           port.o
    0x0800032a   0x0800032a   0x00000002   PAD
    0x0800032c   0x0800032c   0x00000040   Code   RO            4    .text               startup_stm32l432xx.o
    0x0800036c   0x0800036c   0x000000ee   Code   RO         5212    .text               c_w.l(lludivv7m.o)
    0x0800045a   0x0800045a   0x00000002   PAD
    0x0800045c   0x0800045c   0x00000028   Code   RO         5216    .text               c_w.l(noretval__2sprintf.o)
    0x08000484   0x08000484   0x0000004e   Code   RO         5220    .text               c_w.l(_printf_pad.o)
    0x080004d2   0x080004d2   0x00000002   PAD
    0x080004d4   0x080004d4   0x00000058   Code   RO         5225    .text               c_w.l(_printf_hex_int.o)
    0x0800052c   0x0800052c   0x0000013e   Code   RO         5255    .text               c_w.l(__printf_flags_wp.o)
    0x0800066a   0x0800066a   0x0000003e   Code   RO         5266    .text               c_w.l(strlen.o)
    0x080006a8   0x080006a8   0x0000008a   Code   RO         5268    .text               c_w.l(rt_memcpy_v6.o)
    0x08000732   0x08000732   0x00000064   Code   RO         5270    .text               c_w.l(rt_memcpy_w.o)
    0x08000796   0x08000796   0x0000004e   Code   RO         5274    .text               c_w.l(rt_memclr_w.o)
    0x080007e4   0x080007e4   0x00000006   Code   RO         5276    .text               c_w.l(heapauxi.o)
    0x080007ea   0x080007ea   0x000000b2   Code   RO         5289    .text               c_w.l(_printf_intcommon.o)
    0x0800089c   0x0800089c   0x00000424   Code   RO         5291    .text               c_w.l(_printf_fp_dec.o)
    0x08000cc0   0x08000cc0   0x00000030   Code   RO         5293    .text               c_w.l(_printf_char_common.o)
    0x08000cf0   0x08000cf0   0x0000000a   Code   RO         5295    .text               c_w.l(_sputc.o)
    0x08000cfa   0x08000cfa   0x00000002   PAD
    0x08000cfc   0x08000cfc   0x00000008   Code   RO         5325    .text               c_w.l(rt_locale_intlibspace.o)
    0x08000d04   0x08000d04   0x0000008a   Code   RO         5327    .text               c_w.l(lludiv10.o)
    0x08000d8e   0x08000d8e   0x00000002   PAD
    0x08000d90   0x08000d90   0x00000080   Code   RO         5329    .text               c_w.l(_printf_fp_infnan.o)
    0x08000e10   0x08000e10   0x000000e4   Code   RO         5333    .text               c_w.l(bigflt0.o)
    0x08000ef4   0x08000ef4   0x00000008   Code   RO         5365    .text               c_w.l(libspace.o)
    0x08000efc   0x08000efc   0x0000004a   Code   RO         5368    .text               c_w.l(sys_stackheap_outer.o)
    0x08000f46   0x08000f46   0x00000012   Code   RO         5370    .text               c_w.l(exit.o)
    0x08000f58   0x08000f58   0x00000080   Code   RO         5376    .text               c_w.l(strcmpv7m.o)
    0x08000fd8   0x08000fd8   0x0000000c   Code   RO         5441    .text               c_w.l(sys_exit.o)
    0x08000fe4   0x08000fe4   0x00000002   Code   RO         5462    .text               c_w.l(use_no_semi.o)
    0x08000fe6   0x08000fe6   0x00000000   Code   RO         5464    .text               c_w.l(indicate_semi.o)
    0x08000fe6   0x08000fe6   0x0000003e   Code   RO         5336    CL$$btod_d2e        c_w.l(btod.o)
    0x08001024   0x08001024   0x00000046   Code   RO         5338    CL$$btod_d2e_denorm_low  c_w.l(btod.o)
    0x0800106a   0x0800106a   0x00000060   Code   RO         5337    CL$$btod_d2e_norm_op1  c_w.l(btod.o)
    0x080010ca   0x080010ca   0x00000338   Code   RO         5346    CL$$btod_div_common  c_w.l(btod.o)
    0x08001402   0x08001402   0x000000dc   Code   RO         5343    CL$$btod_e2e        c_w.l(btod.o)
    0x080014de   0x080014de   0x0000002a   Code   RO         5340    CL$$btod_ediv       c_w.l(btod.o)
    0x08001508   0x08001508   0x0000002a   Code   RO         5339    CL$$btod_emul       c_w.l(btod.o)
    0x08001532   0x08001532   0x00000244   Code   RO         5345    CL$$btod_mult_common  c_w.l(btod.o)
    0x08001776   0x08001776   0x00000002   Code   RO          299    i.BusFault_Handler  stm32l4xx_it.o
    0x08001778   0x08001778   0x00000002   Code   RO          300    i.DebugMon_Handler  stm32l4xx_it.o
    0x0800177a   0x0800177a   0x00000004   Code   RO           13    i.Error_Handler     main.o
    0x0800177e   0x0800177e   0x0000004a   Code   RO         1220    i.HAL_DMA_Abort     stm32l4xx_hal_dma.o
    0x080017c8   0x080017c8   0x0000004e   Code   RO         1221    i.HAL_DMA_Abort_IT  stm32l4xx_hal_dma.o
    0x08001816   0x08001816   0x00000002   PAD
    0x08001818   0x08001818   0x00000024   Code   RO          463    i.HAL_Delay         stm32l4xx_hal.o
    0x0800183c   0x0800183c   0x00000202   Code   RO         1156    i.HAL_GPIO_Init     stm32l4xx_hal_gpio.o
    0x08001a3e   0x08001a3e   0x00000010   Code   RO         1159    i.HAL_GPIO_TogglePin  stm32l4xx_hal_gpio.o
    0x08001a4e   0x08001a4e   0x0000000a   Code   RO         1160    i.HAL_GPIO_WritePin  stm32l4xx_hal_gpio.o
    0x08001a58   0x08001a58   0x0000000c   Code   RO          467    i.HAL_GetTick       stm32l4xx_hal.o
    0x08001a64   0x08001a64   0x00000056   Code   RO         2347    i.HAL_I2CEx_ConfigAnalogFilter  stm32l4xx_hal_i2c_ex.o
    0x08001aba   0x08001aba   0x00000052   Code   RO         2348    i.HAL_I2CEx_ConfigDigitalFilter  stm32l4xx_hal_i2c_ex.o
    0x08001b0c   0x08001b0c   0x000000b8   Code   RO         1886    i.HAL_I2C_Init      stm32l4xx_hal_i2c.o
    0x08001bc4   0x08001bc4   0x0000012a   Code   RO         1887    i.HAL_I2C_IsDeviceReady  stm32l4xx_hal_i2c.o
    0x08001cee   0x08001cee   0x00000002   PAD
    0x08001cf0   0x08001cf0   0x0000012a   Code   RO         1892    i.HAL_I2C_Master_Receive  stm32l4xx_hal_i2c.o
    0x08001e1a   0x08001e1a   0x00000002   PAD
    0x08001e1c   0x08001e1c   0x0000012a   Code   RO         1899    i.HAL_I2C_Master_Transmit  stm32l4xx_hal_i2c.o
    0x08001f46   0x08001f46   0x00000002   PAD
    0x08001f48   0x08001f48   0x00000080   Code   RO          370    i.HAL_I2C_MspInit   stm32l4xx_hal_msp.o
    0x08001fc8   0x08001fc8   0x00000010   Code   RO          473    i.HAL_IncTick       stm32l4xx_hal.o
    0x08001fd8   0x08001fd8   0x0000001e   Code   RO          474    i.HAL_Init          stm32l4xx_hal.o
    0x08001ff6   0x08001ff6   0x00000002   PAD
    0x08001ff8   0x08001ff8   0x0000008c   Code   RO          417    i.HAL_InitTick      stm32l4xx_hal_timebase_tim.o
    0x08002084   0x08002084   0x00000034   Code   RO          371    i.HAL_MspInit       stm32l4xx_hal_msp.o
    0x080020b8   0x080020b8   0x0000001a   Code   RO         1673    i.HAL_NVIC_EnableIRQ  stm32l4xx_hal_cortex.o
    0x080020d2   0x080020d2   0x00000002   PAD
    0x080020d4   0x080020d4   0x00000040   Code   RO         1679    i.HAL_NVIC_SetPriority  stm32l4xx_hal_cortex.o
    0x08002114   0x08002114   0x00000024   Code   RO         1680    i.HAL_NVIC_SetPriorityGrouping  stm32l4xx_hal_cortex.o
    0x08002138   0x08002138   0x00000068   Code   RO         1447    i.HAL_PWREx_ControlVoltageScaling  stm32l4xx_hal_pwr_ex.o
    0x080021a0   0x080021a0   0x00000010   Code   RO         1474    i.HAL_PWREx_GetVoltageRange  stm32l4xx_hal_pwr_ex.o
    0x080021b0   0x080021b0   0x00000010   Code   RO         1339    i.HAL_PWR_EnableBkUpAccess  stm32l4xx_hal_pwr.o
    0x080021c0   0x080021c0   0x00000010   Code   RO          783    i.HAL_RCCEx_EnableMSIPLLMode  stm32l4xx_hal_rcc_ex.o
    0x080021d0   0x080021d0   0x0000028a   Code   RO          789    i.HAL_RCCEx_PeriphCLKConfig  stm32l4xx_hal_rcc_ex.o
    0x0800245a   0x0800245a   0x00000002   PAD
    0x0800245c   0x0800245c   0x00000144   Code   RO          661    i.HAL_RCC_ClockConfig  stm32l4xx_hal_rcc.o
    0x080025a0   0x080025a0   0x00000040   Code   RO          664    i.HAL_RCC_GetClockConfig  stm32l4xx_hal_rcc.o
    0x080025e0   0x080025e0   0x00000024   Code   RO          667    i.HAL_RCC_GetPCLK1Freq  stm32l4xx_hal_rcc.o
    0x08002604   0x08002604   0x00000024   Code   RO          668    i.HAL_RCC_GetPCLK2Freq  stm32l4xx_hal_rcc.o
    0x08002628   0x08002628   0x000000a4   Code   RO          670    i.HAL_RCC_GetSysClockFreq  stm32l4xx_hal_rcc.o
    0x080026cc   0x080026cc   0x00000560   Code   RO          673    i.HAL_RCC_OscConfig  stm32l4xx_hal_rcc.o
    0x08002c2c   0x08002c2c   0x00000002   Code   RO         3117    i.HAL_TIMEx_Break2Callback  stm32l4xx_hal_tim_ex.o
    0x08002c2e   0x08002c2e   0x00000002   Code   RO         3118    i.HAL_TIMEx_BreakCallback  stm32l4xx_hal_tim_ex.o
    0x08002c30   0x08002c30   0x00000002   Code   RO         3119    i.HAL_TIMEx_CommutCallback  stm32l4xx_hal_tim_ex.o
    0x08002c32   0x08002c32   0x00000062   Code   RO         2403    i.HAL_TIM_Base_Init  stm32l4xx_hal_tim.o
    0x08002c94   0x08002c94   0x00000002   Code   RO         2405    i.HAL_TIM_Base_MspInit  stm32l4xx_hal_tim.o
    0x08002c96   0x08002c96   0x00000002   PAD
    0x08002c98   0x08002c98   0x00000058   Code   RO         2408    i.HAL_TIM_Base_Start_IT  stm32l4xx_hal_tim.o
    0x08002cf0   0x08002cf0   0x00000002   Code   RO         2437    i.HAL_TIM_IC_CaptureCallback  stm32l4xx_hal_tim.o
    0x08002cf2   0x08002cf2   0x00000184   Code   RO         2451    i.HAL_TIM_IRQHandler  stm32l4xx_hal_tim.o
    0x08002e76   0x08002e76   0x00000002   Code   RO         2454    i.HAL_TIM_OC_DelayElapsedCallback  stm32l4xx_hal_tim.o
    0x08002e78   0x08002e78   0x00000002   Code   RO         2481    i.HAL_TIM_PWM_PulseFinishedCallback  stm32l4xx_hal_tim.o
    0x08002e7a   0x08002e7a   0x00000002   PAD
    0x08002e7c   0x08002e7c   0x00000014   Code   RO           14    i.HAL_TIM_PeriodElapsedCallback  main.o
    0x08002e90   0x08002e90   0x00000002   Code   RO         2494    i.HAL_TIM_TriggerCallback  stm32l4xx_hal_tim.o
    0x08002e92   0x08002e92   0x00000002   Code   RO         3411    i.HAL_UARTEx_RxEventCallback  stm32l4xx_hal_uart.o
    0x08002e94   0x08002e94   0x00000002   Code   RO         3804    i.HAL_UARTEx_WakeupCallback  stm32l4xx_hal_uart_ex.o
    0x08002e96   0x08002e96   0x00000002   Code   RO         3427    i.HAL_UART_ErrorCallback  stm32l4xx_hal_uart.o
    0x08002e98   0x08002e98   0x00000294   Code   RO         3430    i.HAL_UART_IRQHandler  stm32l4xx_hal_uart.o
    0x0800312c   0x0800312c   0x00000066   Code   RO         3431    i.HAL_UART_Init     stm32l4xx_hal_uart.o
    0x08003192   0x08003192   0x00000002   PAD
    0x08003194   0x08003194   0x000000a0   Code   RO          373    i.HAL_UART_MspInit  stm32l4xx_hal_msp.o
    0x08003234   0x08003234   0x000000b6   Code   RO         3440    i.HAL_UART_Transmit  stm32l4xx_hal_uart.o
    0x080032ea   0x080032ea   0x00000002   Code   RO         3443    i.HAL_UART_TxCpltCallback  stm32l4xx_hal_uart.o
    0x080032ec   0x080032ec   0x00000002   Code   RO          301    i.HardFault_Handler  stm32l4xx_it.o
    0x080032ee   0x080032ee   0x00000022   Code   RO         1933    i.I2C_Flush_TXDR    stm32l4xx_hal_i2c.o
    0x08003310   0x08003310   0x00000120   Code   RO         1941    i.I2C_IsErrorOccurred  stm32l4xx_hal_i2c.o
    0x08003430   0x08003430   0x00000030   Code   RO         1950    i.I2C_TransferConfig  stm32l4xx_hal_i2c.o
    0x08003460   0x08003460   0x00000058   Code   RO         1952    i.I2C_WaitOnFlagUntilTimeout  stm32l4xx_hal_i2c.o
    0x080034b8   0x080034b8   0x0000009c   Code   RO         1953    i.I2C_WaitOnRXNEFlagUntilTimeout  stm32l4xx_hal_i2c.o
    0x08003554   0x08003554   0x0000004c   Code   RO         1954    i.I2C_WaitOnSTOPFlagUntilTimeout  stm32l4xx_hal_i2c.o
    0x080035a0   0x080035a0   0x00000050   Code   RO         1955    i.I2C_WaitOnTXISFlagUntilTimeout  stm32l4xx_hal_i2c.o
    0x080035f0   0x080035f0   0x0000006c   Code   RO           15    i.MX_GPIO_Init      main.o
    0x0800365c   0x0800365c   0x00000054   Code   RO           16    i.MX_I2C1_Init      main.o
    0x080036b0   0x080036b0   0x00000038   Code   RO           17    i.MX_USART2_UART_Init  main.o
    0x080036e8   0x080036e8   0x00000002   Code   RO          302    i.MemManage_Handler  stm32l4xx_it.o
    0x080036ea   0x080036ea   0x00000002   Code   RO          303    i.NMI_Handler       stm32l4xx_it.o
    0x080036ec   0x080036ec   0x0000012c   Code   RO          793    i.RCCEx_PLLSAI1_Config  stm32l4xx_hal_rcc_ex.o
    0x08003818   0x08003818   0x0000007c   Code   RO          674    i.RCC_SetFlashLatencyFromMSIRange  stm32l4xx_hal_rcc.o
    0x08003894   0x08003894   0x00000038   Code   RO           18    i.RTC_Init          main.o
    0x080038cc   0x080038cc   0x00000074   Code   RO           19    i.RTC_ReadTemperature  main.o
    0x08003940   0x08003940   0x0000007c   Code   RO           20    i.RTC_ReadTime      main.o
    0x080039bc   0x080039bc   0x00000058   Code   RO           21    i.RTC_SetTime       main.o
    0x08003a14   0x08003a14   0x0000002c   Code   RO         5134    i.SysTick_Handler   port.o
    0x08003a40   0x08003a40   0x0000008c   Code   RO           22    i.SystemClock_Config  main.o
    0x08003acc   0x08003acc   0x00000010   Code   RO         3879    i.SystemInit        system_stm32l4xx.o
    0x08003adc   0x08003adc   0x0000000c   Code   RO          304    i.TIM1_UP_TIM16_IRQHandler  stm32l4xx_it.o
    0x08003ae8   0x08003ae8   0x0000006c   Code   RO         2496    i.TIM_Base_SetConfig  stm32l4xx_hal_tim.o
    0x08003b54   0x08003b54   0x000000c8   Code   RO         3445    i.UART_AdvFeatureConfig  stm32l4xx_hal_uart.o
    0x08003c1c   0x08003c1c   0x0000005c   Code   RO         3446    i.UART_CheckIdleState  stm32l4xx_hal_uart.o
    0x08003c78   0x08003c78   0x00000014   Code   RO         3447    i.UART_DMAAbortOnError  stm32l4xx_hal_uart.o
    0x08003c8c   0x08003c8c   0x0000004a   Code   RO         3457    i.UART_EndRxTransfer  stm32l4xx_hal_uart.o
    0x08003cd6   0x08003cd6   0x00000002   PAD
    0x08003cd8   0x08003cd8   0x000001dc   Code   RO         3461    i.UART_SetConfig    stm32l4xx_hal_uart.o
    0x08003eb4   0x08003eb4   0x000000c6   Code   RO         3466    i.UART_WaitOnFlagUntilTimeout  stm32l4xx_hal_uart.o
    0x08003f7a   0x08003f7a   0x00000002   PAD
    0x08003f7c   0x08003f7c   0x0000000c   Code   RO          305    i.USART2_IRQHandler  stm32l4xx_it.o
    0x08003f88   0x08003f88   0x00000002   Code   RO          306    i.UsageFault_Handler  stm32l4xx_it.o
    0x08003f8a   0x08003f8a   0x00000030   Code   RO         5363    i.__ARM_fpclassify  m_wm.l(fpclassify.o)
    0x08003fba   0x08003fba   0x00000020   Code   RO         1686    i.__NVIC_SetPriority  stm32l4xx_hal_cortex.o
    0x08003fda   0x08003fda   0x0000000e   Code   RO         5253    i._is_digit         c_w.l(__printf_wp.o)
    0x08003fe8   0x08003fe8   0x0000000c   Code   RO         4697    i.inHandlerMode     cmsis_os.o
    0x08003ff4   0x08003ff4   0x0000006c   Code   RO           23    i.main              main.o
    0x08004060   0x08004060   0x0000000c   Code   RO         4699    i.makeFreeRtosPriority  cmsis_os.o
    0x0800406c   0x0800406c   0x0000000e   Code   RO         4701    i.osDelay           cmsis_os.o
    0x0800407a   0x0800407a   0x0000000a   Code   RO         4704    i.osKernelStart     cmsis_os.o
    0x08004084   0x08004084   0x00000010   Code   RO         4719    i.osMutexCreate     cmsis_os.o
    0x08004094   0x08004094   0x00000050   Code   RO         4721    i.osMutexRelease    cmsis_os.o
    0x080040e4   0x080040e4   0x00000064   Code   RO         4722    i.osMutexWait       cmsis_os.o
    0x08004148   0x08004148   0x00000054   Code   RO         4738    i.osThreadCreate    cmsis_os.o
    0x0800419c   0x0800419c   0x00000070   Code   RO         4381    i.prvAddCurrentTaskToDelayedList  tasks.o
    0x0800420c   0x0800420c   0x000000d0   Code   RO         4382    i.prvAddNewTaskToReadyList  tasks.o
    0x080042dc   0x080042dc   0x00000026   Code   RO         4057    i.prvCopyDataFromQueue  queue.o
    0x08004302   0x08004302   0x0000006c   Code   RO         4058    i.prvCopyDataToQueue  queue.o
    0x0800436e   0x0800436e   0x00000034   Code   RO         4383    i.prvDeleteTCB      tasks.o
    0x080043a2   0x080043a2   0x00000002   PAD
    0x080043a4   0x080043a4   0x00000048   Code   RO         5066    i.prvHeapInit       heap_4.o
    0x080043ec   0x080043ec   0x00000060   Code   RO         4384    i.prvIdleTask       tasks.o
    0x0800444c   0x0800444c   0x00000016   Code   RO         4059    i.prvInitialiseMutex  queue.o
    0x08004462   0x08004462   0x00000016   Code   RO         4060    i.prvInitialiseNewQueue  queue.o
    0x08004478   0x08004478   0x00000098   Code   RO         4385    i.prvInitialiseNewTask  tasks.o
    0x08004510   0x08004510   0x0000004c   Code   RO         5067    i.prvInsertBlockIntoFreeList  heap_4.o
    0x0800455c   0x0800455c   0x0000001c   Code   RO         4061    i.prvIsQueueEmpty   queue.o
    0x08004578   0x08004578   0x00000020   Code   RO         4386    i.prvResetNextTaskUnblockTime  tasks.o
    0x08004598   0x08004598   0x00000028   Code   RO         5135    i.prvTaskExitError  port.o
    0x080045c0   0x080045c0   0x0000006a   Code   RO         4062    i.prvUnlockQueue    queue.o
    0x0800462a   0x0800462a   0x00000002   PAD
    0x0800462c   0x0800462c   0x000000dc   Code   RO         5068    i.pvPortMalloc      heap_4.o
    0x08004708   0x08004708   0x00000018   Code   RO         4388    i.pvTaskIncrementMutexHeldCount  tasks.o
    0x08004720   0x08004720   0x0000002c   Code   RO         5136    i.pxPortInitialiseStack  port.o
    0x0800474c   0x0800474c   0x0000006c   Code   RO           24    i.start_TempDisplayTask  main.o
    0x080047b8   0x080047b8   0x00000074   Code   RO           25    i.start_TimeDisplayTask  main.o
    0x0800482c   0x0800482c   0x00000026   Code   RO         4017    i.uxListRemove      list.o
    0x08004852   0x08004852   0x00000002   PAD
    0x08004854   0x08004854   0x00000014   Code   RO          265    i.vApplicationGetIdleTaskMemory  freertos.o
    0x08004868   0x08004868   0x00000016   Code   RO         4018    i.vListInitialise   list.o
    0x0800487e   0x0800487e   0x00000006   Code   RO         4019    i.vListInitialiseItem  list.o
    0x08004884   0x08004884   0x00000030   Code   RO         4020    i.vListInsert       list.o
    0x080048b4   0x080048b4   0x00000018   Code   RO         4021    i.vListInsertEnd    list.o
    0x080048cc   0x080048cc   0x00000040   Code   RO         5138    i.vPortEnterCritical  port.o
    0x0800490c   0x0800490c   0x00000028   Code   RO         5139    i.vPortExitCritical  port.o
    0x08004934   0x08004934   0x00000064   Code   RO         5069    i.vPortFree         heap_4.o
    0x08004998   0x08004998   0x00000024   Code   RO         5140    i.vPortSetupTimerInterrupt  port.o
    0x080049bc   0x080049bc   0x00000054   Code   RO         5141    i.vPortValidateInterruptPriority  port.o
    0x08004a10   0x08004a10   0x0000004c   Code   RO         4395    i.vTaskDelay        tasks.o
    0x08004a5c   0x08004a5c   0x00000010   Code   RO         4398    i.vTaskInternalSetTimeOutState  tasks.o
    0x08004a6c   0x08004a6c   0x0000000c   Code   RO         4399    i.vTaskMissedYield  tasks.o
    0x08004a78   0x08004a78   0x00000030   Code   RO         4401    i.vTaskPlaceOnEventList  tasks.o
    0x08004aa8   0x08004aa8   0x000000a0   Code   RO         4403    i.vTaskPriorityDisinheritAfterTimeout  tasks.o
    0x08004b48   0x08004b48   0x0000006c   Code   RO         4408    i.vTaskStartScheduler  tasks.o
    0x08004bb4   0x08004bb4   0x00000010   Code   RO         4410    i.vTaskSuspendAll   tasks.o
    0x08004bc4   0x08004bc4   0x0000005c   Code   RO         4411    i.vTaskSwitchContext  tasks.o
    0x08004c20   0x08004c20   0x000000f4   Code   RO         5142    i.xPortStartScheduler  port.o
    0x08004d14   0x08004d14   0x00000016   Code   RO         4069    i.xQueueCreateMutex  queue.o
    0x08004d2a   0x08004d2a   0x0000001a   Code   RO         4070    i.xQueueCreateMutexStatic  queue.o
    0x08004d44   0x08004d44   0x00000042   Code   RO         4071    i.xQueueGenericCreate  queue.o
    0x08004d86   0x08004d86   0x00000066   Code   RO         4072    i.xQueueGenericCreateStatic  queue.o
    0x08004dec   0x08004dec   0x00000088   Code   RO         4073    i.xQueueGenericReset  queue.o
    0x08004e74   0x08004e74   0x00000160   Code   RO         4074    i.xQueueGenericSend  queue.o
    0x08004fd4   0x08004fd4   0x0000009c   Code   RO         4076    i.xQueueGiveFromISR  queue.o
    0x08005070   0x08005070   0x0000009a   Code   RO         4082    i.xQueueReceiveFromISR  queue.o
    0x0800510a   0x0800510a   0x00000002   PAD
    0x0800510c   0x0800510c   0x00000178   Code   RO         4083    i.xQueueSemaphoreTake  queue.o
    0x08005284   0x08005284   0x00000074   Code   RO         4413    i.xTaskCheckForTimeOut  tasks.o
    0x080052f8   0x080052f8   0x00000060   Code   RO         4414    i.xTaskCreate       tasks.o
    0x08005358   0x08005358   0x00000056   Code   RO         4415    i.xTaskCreateStatic  tasks.o
    0x080053ae   0x080053ae   0x00000002   PAD
    0x080053b0   0x080053b0   0x0000001c   Code   RO         4419    i.xTaskGetSchedulerState  tasks.o
    0x080053cc   0x080053cc   0x000000cc   Code   RO         4422    i.xTaskIncrementTick  tasks.o
    0x08005498   0x08005498   0x00000098   Code   RO         4425    i.xTaskPriorityDisinherit  tasks.o
    0x08005530   0x08005530   0x0000008c   Code   RO         4426    i.xTaskPriorityInherit  tasks.o
    0x080055bc   0x080055bc   0x00000074   Code   RO         4427    i.xTaskRemoveFromEventList  tasks.o
    0x08005630   0x08005630   0x000000c4   Code   RO         4428    i.xTaskResumeAll    tasks.o
    0x080056f4   0x080056f4   0x0000002c   Code   RO         5359    locale$$code        c_w.l(lc_numeric_c.o)
    0x08005720   0x08005720   0x0000000c   Code   RO         5300    x$fpl$dretinf       fz_wm.l(dretinf.o)
    0x0800572c   0x0800572c   0x00000056   Code   RO         5280    x$fpl$f2d           fz_wm.l(f2d.o)
    0x08005782   0x08005782   0x0000008c   Code   RO         5302    x$fpl$fnaninf       fz_wm.l(fnaninf.o)
    0x0800580e   0x0800580e   0x0000000a   Code   RO         5439    x$fpl$fpinit        fz_wm.l(fpinit.o)
    0x08005818   0x08005818   0x00000004   Code   RO         5282    x$fpl$printf1       fz_wm.l(printf1.o)
    0x0800581c   0x0800581c   0x00000000   Code   RO         5304    x$fpl$usenofp       fz_wm.l(usenofp.o)
    0x0800581c   0x0800581c   0x00000038   Data   RO           27    .constdata          main.o
    0x08005854   0x08005854   0x00000040   Data   RO         3880    .constdata          system_stm32l4xx.o
    0x08005894   0x08005894   0x00000008   Data   RO         3881    .constdata          system_stm32l4xx.o
    0x0800589c   0x0800589c   0x00000028   Data   RO         5226    .constdata          c_w.l(_printf_hex_int.o)
    0x080058c4   0x080058c4   0x00000011   Data   RO         5256    .constdata          c_w.l(__printf_flags_wp.o)
    0x080058d5   0x080058d5   0x00000003   PAD
    0x080058d8   0x080058d8   0x00000094   Data   RO         5334    .constdata          c_w.l(bigflt0.o)
    0x0800596c   0x0800596c   0x00000020   Data   RO           28    .conststring        main.o
    0x0800598c   0x0800598c   0x00000020   Data   RO         5508    Region$$Table       anon$$obj.o
    0x080059ac   0x080059ac   0x0000001c   Data   RO         5358    locale$$data        c_w.l(lc_numeric_c.o)


    Execution Region RW_IRAM2 (Exec base: 0x10000000, Load base: 0x08005a58, Size: 0x00000000, Max: 0x00004000, ABSOLUTE)

    **** No section assigned to this execution region ****


    Execution Region RW_IRAM1 (Exec base: 0x20000000, Load base: 0x080059c8, Size: 0x00001778, Max: 0x0000c000, ABSOLUTE)

    Exec Addr    Load Addr    Size         Type   Attr      Idx    E Section Name        Object

    0x20000000   0x080059c8   0x00000018   Data   RW           29    .data               main.o
    0x20000018   0x080059e0   0x0000000c   Data   RW          486    .data               stm32l4xx_hal.o
    0x20000024   0x080059ec   0x00000004   Data   RW         3882    .data               system_stm32l4xx.o
    0x20000028   0x080059f0   0x0000003c   Data   RW         4431    .data               tasks.o
    0x20000064   0x08005a2c   0x00000020   Data   RW         5075    .data               heap_4.o
    0x20000084   0x08005a4c   0x0000000c   Data   RW         5143    .data               port.o
    0x20000090        -       0x0000013c   Zero   RW           26    .bss                main.o
    0x200001cc        -       0x00000254   Zero   RW          266    .bss                freertos.o
    0x20000420        -       0x0000004c   Zero   RW          420    .bss                stm32l4xx_hal_timebase_tim.o
    0x2000046c        -       0x000000f0   Zero   RW         4430    .bss                tasks.o
    0x2000055c        -       0x00000bb8   Zero   RW         5074    .bss                heap_4.o
    0x20001114        -       0x00000060   Zero   RW         5366    .bss                c_w.l(libspace.o)
    0x20001174   0x08005a58   0x00000004   PAD
    0x20001178        -       0x00000200   Zero   RW            2    HEAP                startup_stm32l432xx.o
    0x20001378        -       0x00000400   Zero   RW            1    STACK               startup_stm32l432xx.o


==============================================================================

Image component sizes


      Code (inc. data)   RO Data    RW Data    ZI Data      Debug   Object Name

       328         10          0          0          0      32412   cmsis_os.o
         0          0          0          0          0      20308   event_groups.o
        20          4          0          0        596       1436   freertos.o
       468         22          0         32       3000       7875   heap_4.o
       138          0          0          0          0       3942   list.o
      1128        138         88         24        316     714349   main.o
       818         82          0         12          0      12641   port.o
      1714         14          0          0          0      21126   queue.o
        64         26        396          0       1536        908   startup_stm32l432xx.o
        94         14          0         12          0      11350   stm32l4xx_hal.o
       158         14          0          0          0      33374   stm32l4xx_hal_cortex.o
       152          0          0          0          0       1979   stm32l4xx_hal_dma.o
       540         20          0          0          0       3173   stm32l4xx_hal_gpio.o
      1848         50          0          0          0      13522   stm32l4xx_hal_i2c.o
       168          0          0          0          0       2115   stm32l4xx_hal_i2c_ex.o
       340         22          0          0          0       2683   stm32l4xx_hal_msp.o
        16          4          0          0          0        611   stm32l4xx_hal_pwr.o
       120         20          0          0          0       1498   stm32l4xx_hal_pwr_ex.o
      2124        108          0          0          0       8177   stm32l4xx_hal_rcc.o
       966         36          0          0          0       3713   stm32l4xx_hal_rcc_ex.o
       692         26          0          0          0       8064   stm32l4xx_hal_tim.o
         6          0          0          0          0       2464   stm32l4xx_hal_tim_ex.o
       140         22          0          0         76       1627   stm32l4xx_hal_timebase_tim.o
      2010         56          0          0          0      12143   stm32l4xx_hal_uart.o
         2          0          0          0          0       1148   stm32l4xx_hal_uart_ex.o
        36         12          0          0          0       4264   stm32l4xx_it.o
         0          0          0          0          0        392   stream_buffer.o
        16          4         72          4          0       1381   system_stm32l4xx.o
      2338        174          0         60        240      29495   tasks.o

    ----------------------------------------------------------------------
     16480        878        588        144       5764     958170   Object Totals
         0          0         32          0          0          0   (incl. Generated)
        36          0          0          0          0          0   (incl. Padding)

    ----------------------------------------------------------------------

      Code (inc. data)   RO Data    RW Data    ZI Data      Debug   Library Member Name

         8          0          0          0          0         68   __main.o
       318          4         17          0          0         92   __printf_flags_wp.o
        14          0          0          0          0         68   __printf_wp.o
         0          0          0          0          0          0   __rtentry.o
        12          0          0          0          0          0   __rtentry2.o
         6          0          0          0          0          0   __rtentry4.o
        52          8          0          0          0          0   __scatter.o
        26          0          0          0          0          0   __scatter_copy.o
        28          0          0          0          0          0   __scatter_zi.o
        48          6          0          0          0         96   _printf_char_common.o
         6          0          0          0          0          0   _printf_f.o
      1060          0          0          0          0        216   _printf_fp_dec.o
       128         16          0          0          0         84   _printf_fp_infnan.o
        88          4         40          0          0         88   _printf_hex_int.o
       178          0          0          0          0         88   _printf_intcommon.o
        78          0          0          0          0        108   _printf_pad.o
         0          0          0          0          0          0   _printf_percent.o
         4          0          0          0          0          0   _printf_percent_end.o
         6          0          0          0          0          0   _printf_x.o
        10          0          0          0          0         68   _sputc.o
       228          4        148          0          0         96   bigflt0.o
      1936        128          0          0          0        672   btod.o
        18          0          0          0          0         80   exit.o
         6          0          0          0          0        152   heapauxi.o
         0          0          0          0          0          0   indicate_semi.o
        44         10         28          0          0         76   lc_numeric_c.o
         2          0          0          0          0          0   libinit.o
        22          0          0          0          0          0   libinit2.o
         2          0          0          0          0          0   libshutdown.o
         2          0          0          0          0          0   libshutdown2.o
         8          4          0          0         96         68   libspace.o
       138          0          0          0          0         80   lludiv10.o
       238          0          0          0          0        100   lludivv7m.o
        40          6          0          0          0         84   noretval__2sprintf.o
         8          4          0          0          0         68   rt_locale_intlibspace.o
        78          0          0          0          0         80   rt_memclr_w.o
       138          0          0          0          0         68   rt_memcpy_v6.o
       100          0          0          0          0         80   rt_memcpy_w.o
         2          0          0          0          0          0   rtexit.o
        10          0          0          0          0          0   rtexit2.o
       128          0          0          0          0         68   strcmpv7m.o
        62          0          0          0          0         76   strlen.o
        12          4          0          0          0         68   sys_exit.o
        74          0          0          0          0         80   sys_stackheap_outer.o
         2          0          0          0          0         68   use_no_semi.o
        12          0          0          0          0        116   dretinf.o
        86          4          0          0          0        132   f2d.o
       140          4          0          0          0        132   fnaninf.o
        10          0          0          0          0        116   fpinit.o
         4          0          0          0          0        116   printf1.o
         0          0          0          0          0          0   usenofp.o
        48          0          0          0          0        124   fpclassify.o

    ----------------------------------------------------------------------
      5680        206        236          0        100       3776   Library Totals
        12          0          3          0          4          0   (incl. Padding)

    ----------------------------------------------------------------------

      Code (inc. data)   RO Data    RW Data    ZI Data      Debug   Library Name

      5368        198        233          0         96       3040   c_w.l
       252          8          0          0          0        612   fz_wm.l
        48          0          0          0          0        124   m_wm.l

    ----------------------------------------------------------------------
      5680        206        236          0        100       3776   Library Totals

    ----------------------------------------------------------------------

==============================================================================


      Code (inc. data)   RO Data    RW Data    ZI Data      Debug   

     22160       1084        824        144       5864     944882   Grand Totals
     22160       1084        824        144       5864     944882   ELF Image Totals
     22160       1084        824        144          0          0   ROM Totals

==============================================================================

    Total RO  Size (Code + RO Data)                22984 (  22.45kB)
    Total RW  Size (RW Data + ZI Data)              6008 (   5.87kB)
    Total ROM Size (Code + RO Data + RW Data)      23128 (  22.59kB)

==============================================================================

